Archive member included to satisfy reference by file (symbol)

/home/blackfly/ti/simplelink_msp432p4_sdk_2_10_00_14/source/ti/display/lib/display.am4fg(DisplayUart.om4fg)
                              ./MSP_EXP432P401R.o (DisplayUartMin_fxnTable)
/home/blackfly/ti/simplelink_msp432p4_sdk_2_10_00_14/source/ti/drivers/lib/drivers_msp432p401x.am4fg(SDSPI.om4fg)
                              ./MSP_EXP432P401R.o (SDSPI_fxnTable)
/home/blackfly/ti/simplelink_msp432p4_sdk_2_10_00_14/source/ti/drivers/lib/drivers_msp432p401x.am4fg(ADCMSP432.om4fg)
                              ./MSP_EXP432P401R.o (ADCMSP432_fxnTable)
/home/blackfly/ti/simplelink_msp432p4_sdk_2_10_00_14/source/ti/drivers/lib/drivers_msp432p401x.am4fg(ADCBufMSP432.om4fg)
                              ./MSP_EXP432P401R.o (ADCBufMSP432_fxnTable)
/home/blackfly/ti/simplelink_msp432p4_sdk_2_10_00_14/source/ti/drivers/lib/drivers_msp432p401x.am4fg(CaptureMSP432.om4fg)
                              ./MSP_EXP432P401R.o (CaptureMSP432_captureFxnTable)
/home/blackfly/ti/simplelink_msp432p4_sdk_2_10_00_14/source/ti/drivers/lib/drivers_msp432p401x.am4fg(UDMAMSP432.om4fg)
                              /home/blackfly/ti/simplelink_msp432p4_sdk_2_10_00_14/source/ti/drivers/lib/drivers_msp432p401x.am4fg(ADCBufMSP432.om4fg) (UDMAMSP432_close)
/home/blackfly/ti/simplelink_msp432p4_sdk_2_10_00_14/source/ti/drivers/lib/drivers_msp432p401x.am4fg(GPIOMSP432.om4fg)
                              /home/blackfly/ti/simplelink_msp432p4_sdk_2_10_00_14/source/ti/drivers/lib/drivers_msp432p401x.am4fg(SDSPI.om4fg) (GPIO_setConfig)
/home/blackfly/ti/simplelink_msp432p4_sdk_2_10_00_14/source/ti/drivers/lib/drivers_msp432p401x.am4fg(I2C.om4fg)
                              ./freertos/ssd1306_freertos.o (I2C_init)
/home/blackfly/ti/simplelink_msp432p4_sdk_2_10_00_14/source/ti/drivers/lib/drivers_msp432p401x.am4fg(I2CMSP432.om4fg)
                              ./MSP_EXP432P401R.o (I2CMSP432_fxnTable)
/home/blackfly/ti/simplelink_msp432p4_sdk_2_10_00_14/source/ti/drivers/lib/drivers_msp432p401x.am4fg(I2CSlaveMSP432.om4fg)
                              ./MSP_EXP432P401R.o (I2CSlaveMSP432_fxnTable)
/home/blackfly/ti/simplelink_msp432p4_sdk_2_10_00_14/source/ti/drivers/lib/drivers_msp432p401x.am4fg(NVSMSP432.om4fg)
                              ./MSP_EXP432P401R.o (NVSMSP432_fxnTable)
/home/blackfly/ti/simplelink_msp432p4_sdk_2_10_00_14/source/ti/drivers/lib/drivers_msp432p401x.am4fg(PowerMSP432.om4fg)
                              /home/blackfly/ti/simplelink_msp432p4_sdk_2_10_00_14/source/ti/drivers/lib/drivers_msp432p401x.am4fg(ADCBufMSP432.om4fg) (Power_getPerformanceLevel)
/home/blackfly/ti/simplelink_msp432p4_sdk_2_10_00_14/source/ti/drivers/lib/drivers_msp432p401x.am4fg(PWMTimerMSP432.om4fg)
                              ./MSP_EXP432P401R.o (PWMTimerMSP432_fxnTable)
/home/blackfly/ti/simplelink_msp432p4_sdk_2_10_00_14/source/ti/drivers/lib/drivers_msp432p401x.am4fg(SPI.om4fg)
                              /home/blackfly/ti/simplelink_msp432p4_sdk_2_10_00_14/source/ti/drivers/lib/drivers_msp432p401x.am4fg(SDSPI.om4fg) (SPI_close)
/home/blackfly/ti/simplelink_msp432p4_sdk_2_10_00_14/source/ti/drivers/lib/drivers_msp432p401x.am4fg(SPIMSP432DMA.om4fg)
                              ./MSP_EXP432P401R.o (SPIMSP432DMA_fxnTable)
/home/blackfly/ti/simplelink_msp432p4_sdk_2_10_00_14/source/ti/drivers/lib/drivers_msp432p401x.am4fg(TimerMSP432.om4fg)
                              /home/blackfly/ti/simplelink_msp432p4_sdk_2_10_00_14/source/ti/drivers/lib/drivers_msp432p401x.am4fg(ADCBufMSP432.om4fg) (TimerMSP432_allocateTimerResource)
/home/blackfly/ti/simplelink_msp432p4_sdk_2_10_00_14/source/ti/drivers/lib/drivers_msp432p401x.am4fg(UART.om4fg)
                              /home/blackfly/ti/simplelink_msp432p4_sdk_2_10_00_14/source/ti/display/lib/display.am4fg(DisplayUart.om4fg) (UART_close)
/home/blackfly/ti/simplelink_msp432p4_sdk_2_10_00_14/source/ti/drivers/lib/drivers_msp432p401x.am4fg(UARTMSP432.om4fg)
                              ./MSP_EXP432P401R.o (UARTMSP432_fxnTable)
/home/blackfly/ti/simplelink_msp432p4_sdk_2_10_00_14/source/ti/drivers/lib/drivers_msp432p401x.am4fg(WatchdogMSP432.om4fg)
                              ./MSP_EXP432P401R.o (WatchdogMSP432_fxnTable)
/home/blackfly/ti/simplelink_msp432p4_sdk_2_10_00_14/source/ti/drivers/lib/drivers_msp432p401x.am4fg(List.om4fg)
                              /home/blackfly/ti/simplelink_msp432p4_sdk_2_10_00_14/source/ti/drivers/lib/drivers_msp432p401x.am4fg(PowerMSP432.om4fg) (List_put)
/home/blackfly/ti/simplelink_msp432p4_sdk_2_10_00_14/source/ti/drivers/lib/drivers_msp432p401x.am4fg(RingBuf.om4fg)
                              /home/blackfly/ti/simplelink_msp432p4_sdk_2_10_00_14/source/ti/drivers/lib/drivers_msp432p401x.am4fg(UARTMSP432.om4fg) (RingBuf_construct)
/home/blackfly/ti/simplelink_msp432p4_sdk_2_10_00_14/source/ti/drivers/lib/drivers_msp432p401x.am4fg(ADCBuf.om4fg)
[...]
Memory Configuration

Name             Origin             Length             Attributes
MAIN_FLASH       0x0000000000000000 0x0000000000040000 xr
INFO_FLASH       0x0000000000200000 0x0000000000004000 xr
SRAM_DATA        0x0000000020000000 0x0000000000010000 rw
*default*        0x0000000000000000 0xffffffffffffffff

Linker script and memory map

LOAD ./MSP_EXP432P401R.o
LOAD ./main_freertos.o
LOAD ./freertos/ssd1306_freertos.o
                0x0000000000001000                STACKSIZE = 0x1000
                0x0000000000000000                PROVIDE (_intvecs_base_address, DEFINED (_intvecs_base_address)?_intvecs_base_address:0x0)

.intvecs        0x0000000000000000      0x140
 *(.intvecs)
 .intvecs       0x0000000000000000      0x140 /mnt/sda4/Projects/MSP432/freertos_builds_MSP_EXP432P401R_release_gcc/Debug/libfreertos_builds_MSP_EXP432P401R_release_gcc.a(startup_msp432_gcc.o)
                0x0000000000000000                interruptVectors
                0x0000000020000000                PROVIDE (_vtable_base_address, DEFINED (_vtable_base_address)?_vtable_base_address:0x20000000)

.vtable
 *(.vtable)

.text           0x0000000000000140     0x61a0
 CREATE_OBJECT_SYMBOLS
 *(.text)
 .text          0x0000000000000140        0x0 ./MSP_EXP432P401R.o
 .text          0x0000000000000140        0x0 ./main_freertos.o
 .text          0x0000000000000140        0x0 ./freertos/ssd1306_freertos.o
 .text          0x0000000000000140        0x0 /home/blackfly/ti/simplelink_msp432p4_sdk_2_10_00_14/source/ti/display/lib/display.am4fg(DisplayUart.om4fg)
 .text          0x0000000000000140        0x0 /home/blackfly/ti/simplelink_msp432p4_sdk_2_10_00_14/source/ti/drivers/lib/drivers_msp432p401x.am4fg(SDSPI.om4fg)
 .text          0x0000000000000140        0x0 /home/blackfly/ti/simplelink_msp432p4_sdk_2_10_00_14/source/ti/drivers/lib/drivers_msp432p401x.am4fg(ADCMSP432.om4fg)
 .text          0x0000000000000140        0x0 /home/blackfly/ti/simplelink_msp432p4_sdk_2_10_00_14/source/ti/drivers/lib/drivers_msp432p401x.am4fg(ADCBufMSP432.om4fg)
 .text          0x0000000000000140        0x0 /home/blackfly/ti/simplelink_msp432p4_sdk_2_10_00_14/source/ti/drivers/lib/drivers_msp432p401x.am4fg(CaptureMSP432.om4fg)
 .text          0x0000000000000140        0x0 /home/blackfly/ti/simplelink_msp432p4_sdk_2_10_00_14/source/ti/drivers/lib/drivers_msp432p401x.am4fg(UDMAMSP432.om4fg)
 .text          0x0000000000000140        0x0 /home/blackfly/ti/simplelink_msp432p4_sdk_2_10_00_14/source/ti/drivers/lib/drivers_msp432p401x.am4fg(GPIOMSP432.om4fg)
 .text          0x0000000000000140        0x0 /home/blackfly/ti/simplelink_msp432p4_sdk_2_10_00_14/source/ti/drivers/lib/drivers_msp432p401x.am4fg(I2C.om4fg)
 .text          0x0000000000000140        0x0 /home/blackfly/ti/simplelink_msp432p4_sdk_2_10_00_14/source/ti/drivers/lib/drivers_msp432p401x.am4fg(I2CMSP432.om4fg)
 .text          0x0000000000000140        0x0 /home/blackfly/ti/simplelink_msp432p4_sdk_2_10_00_14/source/ti/drivers/lib/drivers_msp432p401x.am4fg(I2CSlaveMSP432.om4fg)
 .text          0x0000000000000140        0x0 /home/blackfly/ti/simplelink_msp432p4_sdk_2_10_00_14/source/ti/drivers/lib/drivers_msp432p401x.am4fg(NVSMSP432.om4fg)
 .text          0x0000000000000140        0x0 /home/blackfly/ti/simplelink_msp432p4_sdk_2_10_00_14/source/ti/drivers/lib/drivers_msp432p401x.am4fg(PowerMSP432.om4fg)
 .text          0x0000000000000140        0x0 /home/blackfly/ti/simplelink_msp432p4_sdk_2_10_00_14/source/ti/drivers/lib/drivers_msp432p401x.am4fg(PWMTimerMSP432.om4fg)
 .text          0x0000000000000140        0x0 /home/blackfly/ti/simplelink_msp432p4_sdk_2_10_00_14/source/ti/drivers/lib/drivers_msp432p401x.am4fg(SPI.om4fg)
 .text          0x0000000000000140        0x0 /home/blackfly/ti/simplelink_msp432p4_sdk_2_10_00_14/source/ti/drivers/lib/drivers_msp432p401x.am4fg(SPIMSP432DMA.om4fg)
 .text          0x0000000000000140        0x0 /home/blackfly/ti/simplelink_msp432p4_sdk_2_10_00_14/source/ti/drivers/lib/drivers_msp432p401x.am4fg(TimerMSP432.om4fg)
 .text          0x0000000000000140        0x0 /home/blackfly/ti/simplelink_msp432p4_sdk_2_10_00_14/source/ti/drivers/lib/drivers_msp432p401x.am4fg(UART.om4fg)
 .text          0x0000000000000140        0x0 /home/blackfly/ti/simplelink_msp432p4_sdk_2_10_00_14/source/ti/drivers/lib/drivers_msp432p401x.am4fg(UARTMSP432.om4fg)
 .text          0x0000000000000140        0x0 /home/blackfly/ti/simplelink_msp432p4_sdk_2_10_00_14/source/ti/drivers/lib/drivers_msp432p401x.am4fg(WatchdogMSP432.om4fg)
 .text          0x0000000000000140        0x0 /home/blackfly/ti/simplelink_msp432p4_sdk_2_10_00_14/source/ti/drivers/lib/drivers_msp432p401x.am4fg(List.om4fg)
 .text          0x0000000000000140        0x0 /home/blackfly/ti/simplelink_msp432p4_sdk_2_10_00_14/source/ti/drivers/lib/drivers_msp432p401x.am4fg(RingBuf.om4fg)
 .text          0x0000000000000140        0x0 /home/blackfly/ti/simplelink_msp432p4_sdk_2_10_00_14/source/ti/drivers/lib/drivers_msp432p401x.am4fg(ADCBuf.om4fg)
 .text          0x0000000000000140        0x0 /mnt/sda4/Projects/MSP432/freertos_builds_MSP_EXP432P401R_release_gcc/Debug/libfreertos_builds_MSP_EXP432P401R_release_gcc.a(ClockP_freertos.o)
 .text          0x0000000000000140        0x0 /mnt/sda4/Projects/MSP432/freertos_builds_MSP_EXP432P401R_release_gcc/Debug/libfreertos_builds_MSP_EXP432P401R_release_gcc.a(HwiPMSP432_freertos.o)
 .text          0x0000000000000140        0x0 /mnt/sda4/Projects/MSP432/freertos_builds_MSP_EXP432P401R_release_gcc/Debug/libfreertos_builds_MSP_EXP432P401R_release_gcc.a(PowerMSP432_freertos.o)
 .text          0x0000000000000140        0x0 /mnt/sda4/Projects/MSP432/freertos_builds_MSP_EXP432P401R_release_gcc/Debug/libfreertos_builds_MSP_EXP432P401R_release_gcc.a(SemaphoreP_freertos.o)
 .text          0x0000000000000140        0x0 /mnt/sda4/Projects/MSP432/freertos_builds_MSP_EXP432P401R_release_gcc/Debug/libfreertos_builds_MSP_EXP432P401R_release_gcc.a(SystemP_freertos.o)
 .text          0x0000000000000140        0x0 /mnt/sda4/Projects/MSP432/freertos_builds_MSP_EXP432P401R_release_gcc/Debug/libfreertos_builds_MSP_EXP432P401R_release_gcc.a(heap_4.o)
 .text          0x0000000000000140        0x0 /mnt/sda4/Projects/MSP432/freertos_builds_MSP_EXP432P401R_release_gcc/Debug/libfreertos_builds_MSP_EXP432P401R_release_gcc.a(queue.o)
 .text          0x0000000000000140        0x0 /mnt/sda4/Projects/MSP432/freertos_builds_MSP_EXP432P401R_release_gcc/Debug/libfreertos_builds_MSP_EXP432P401R_release_gcc.a(tasks.o)
 .text          0x0000000000000140        0x0 /mnt/sda4/Projects/MSP432/freertos_builds_MSP_EXP432P401R_release_gcc/Debug/libfreertos_builds_MSP_EXP432P401R_release_gcc.a(timers.o)
 .text          0x0000000000000140        0x0 /mnt/sda4/Projects/MSP432/freertos_builds_MSP_EXP432P401R_release_gcc/Debug/libfreertos_builds_MSP_EXP432P401R_release_gcc.a(port.o)
 .text          0x0000000000000140        0x0 /mnt/sda4/Projects/MSP432/freertos_builds_MSP_EXP432P401R_release_gcc/Debug/libfreertos_builds_MSP_EXP432P401R_release_gcc.a(startup_msp432_gcc.o)
 .text          0x0000000000000140        0x0 /mnt/sda4/Projects/MSP432/freertos_builds_MSP_EXP432P401R_release_gcc/Debug/libfreertos_builds_MSP_EXP432P401R_release_gcc.a(sleep.o)
 .text          0x0000000000000140        0x0 /mnt/sda4/Projects/MSP432/freertos_builds_MSP_EXP432P401R_release_gcc/Debug/libfreertos_builds_MSP_EXP432P401R_release_gcc.a(list.o)
 .text          0x0000000000000140        0x0 /home/blackfly/ti/simplelink_msp432p4_sdk_2_10_00_14/source/ti/devices/msp432p4xx/driverlib/gcc/msp432p4xx_driverlib.a(cpu_MSP432P4XX.obj)
 .text          0x0000000000000140        0x0 /home/blackfly/ti/simplelink_msp432p4_sdk_2_10_00_14/source/ti/devices/msp432p4xx/driverlib/gcc/msp432p4xx_driverlib.a(cs_MSP432P4XX.obj)
 .text          0x0000000000000140        0x0 /home/blackfly/ti/simplelink_msp432p4_sdk_2_10_00_14/source/ti/devices/msp432p4xx/driverlib/gcc/msp432p4xx_driverlib.a(dma_MSP432P4XX.obj)
 .text          0x0000000000000140        0x0 /home/blackfly/ti/simplelink_msp432p4_sdk_2_10_00_14/source/ti/devices/msp432p4xx/driverlib/gcc/msp432p4xx_driverlib.a(gpio_MSP432P4XX.obj)
 .text          0x0000000000000140        0x0 /home/blackfly/ti/simplelink_msp432p4_sdk_2_10_00_14/source/ti/devices/msp432p4xx/driverlib/gcc/msp432p4xx_driverlib.a(i2c_MSP432P4XX.obj)
 .text          0x0000000000000140        0x0 /home/blackfly/ti/simplelink_msp432p4_sdk_2_10_00_14/source/ti/devices/msp432p4xx/driverlib/gcc/msp432p4xx_driverlib.a(interrupt_MSP432P4XX.obj)
 .text          0x0000000000000140        0x0 /home/blackfly/ti/simplelink_msp432p4_sdk_2_10_00_14/source/ti/devices/msp432p4xx/driverlib/gcc/msp432p4xx_driverlib.a(spi_MSP432P4XX.obj)
 .text          0x0000000000000140        0x0 /home/blackfly/ti/simplelink_msp432p4_sdk_2_10_00_14/source/ti/devices/msp432p4xx/driverlib/gcc/msp432p4xx_driverlib.a(sysctl_MSP432P4XX.obj)
 .text          0x0000000000000140        0x0 /home/blackfly/ti/simplelink_msp432p4_sdk_2_10_00_14/source/ti/devices/msp432p4xx/driverlib/gcc/msp432p4xx_driverlib.a(sysctl_a_MSP432P4XX.obj)
 .text          0x0000000000000140        0x0 /home/blackfly/ti/simplelink_msp432p4_sdk_2_10_00_14/source/ti/devices/msp432p4xx/driverlib/gcc/msp432p4xx_driverlib.a(timer_a_MSP432P4XX.obj)
 .text          0x0000000000000140      0x378 /home/blackfly/ti/ccsv8/tools/compiler/gcc-arm-none-eabi-7-2017-q4-major/bin/../lib/gcc/arm-none-eabi/7.2.1/thumb/v7e-m/fpv4-sp/hard/libgcc.a(_arm_addsubdf3.o)
                0x0000000000000140                __aeabi_drsub
                0x0000000000000148                __aeabi_dsub
                0x0000000000000148                __subdf3
                0x000000000000014c                __adddf3
                0x000000000000014c                __aeabi_dadd
                0x00000000000003c4                __aeabi_ui2d
                0x00000000000003c4                __floatunsidf
                0x00000000000003e4                __floatsidf
                0x00000000000003e4                __aeabi_i2d
                0x0000000000000408                __extendsfdf2
                0x0000000000000408                __aeabi_f2d
                0x000000000000044c                __aeabi_ul2d
                0x000000000000044c                __floatundidf
                0x000000000000045c                __floatdidf
                0x000000000000045c                __aeabi_l2d
 .text          0x00000000000004b8      0x424 /home/blackfly/ti/ccsv8/tools/compiler/gcc-arm-none-eabi-7-2017-q4-major/bin/../lib/gcc/arm-none-eabi/7.2.1/thumb/v7e-m/fpv4-sp/hard/libgcc.a(_arm_muldivdf3.o)
                0x00000000000004b8                __aeabi_dmul
                0x00000000000004b8                __muldf3
                0x000000000000070c                __aeabi_ddiv
                0x000000000000070c                __divdf3
 .text          0x00000000000008dc      0x110 /home/blackfly/ti/ccsv8/tools/compiler/gcc-arm-none-eabi-7-2017-q4-major/bin/../lib/gcc/arm-none-eabi/7.2.1/thumb/v7e-m/fpv4-sp/hard/libgcc.a(_arm_cmpdf2.o)
                0x00000000000008dc                __gtdf2
                0x00000000000008dc                __gedf2
                0x00000000000008e4                __ltdf2
                0x00000000000008e4                __ledf2
                0x00000000000008ec                __cmpdf2
                0x00000000000008ec                __eqdf2
                0x00000000000008ec                __nedf2
                0x0000000000000968                __aeabi_cdrcmple
                0x0000000000000978                __aeabi_cdcmple
                0x0000000000000978                __aeabi_cdcmpeq
                0x0000000000000988                __aeabi_dcmpeq
                0x000000000000099c                __aeabi_dcmplt
                0x00000000000009b0                __aeabi_dcmple
                0x00000000000009c4                __aeabi_dcmpge
                0x00000000000009d8                __aeabi_dcmpgt
 .text          0x00000000000009ec       0x50 /home/blackfly/ti/ccsv8/tools/compiler/gcc-arm-none-eabi-7-2017-q4-major/bin/../lib/gcc/arm-none-eabi/7.2.1/thumb/v7e-m/fpv4-sp/hard/libgcc.a(_arm_fixdfsi.o)
                0x00000000000009ec                __fixdfsi
                0x00000000000009ec                __aeabi_d2iz
 .text          0x0000000000000a3c       0x40 /home/blackfly/ti/ccsv8/tools/compiler/gcc-arm-none-eabi-7-2017-q4-major/bin/../lib/gcc/arm-none-eabi/7.2.1/thumb/v7e-m/fpv4-sp/hard/libgcc.a(_arm_fixunsdfsi.o)
                0x0000000000000a3c                __fixunsdfsi
                0x0000000000000a3c                __aeabi_d2uiz
 .text          0x0000000000000a7c       0x30 /home/blackfly/ti/ccsv8/tools/compiler/gcc-arm-none-eabi-7-2017-q4-major/bin/../lib/gcc/arm-none-eabi/7.2.1/thumb/v7e-m/fpv4-sp/hard/libgcc.a(_aeabi_uldivmod.o)
                0x0000000000000a7c                __aeabi_uldivmod
 .text          0x0000000000000aac      0x2cc /home/blackfly/ti/ccsv8/tools/compiler/gcc-arm-none-eabi-7-2017-q4-major/bin/../lib/gcc/arm-none-eabi/7.2.1/thumb/v7e-m/fpv4-sp/hard/libgcc.a(_udivmoddi4.o)
                0x0000000000000aac                __udivmoddi4
 .text          0x0000000000000d78        0x4 /home/blackfly/ti/ccsv8/tools/compiler/gcc-arm-none-eabi-7-2017-q4-major/bin/../lib/gcc/arm-none-eabi/7.2.1/thumb/v7e-m/fpv4-sp/hard/libgcc.a(_dvmd_tls.o)
                0x0000000000000d78                __aeabi_ldiv0
                0x0000000000000d78                __aeabi_idiv0
 .text          0x0000000000000d7c        0x0 /home/blackfly/ti/ccsv8/tools/compiler/gcc-arm-none-eabi-7-2017-q4-major/arm-none-eabi/lib/thumb/v7e-m/fpv4-sp/hard/libc_nano.a(lib_a-errno.o)
 .text          0x0000000000000d7c        0x0 /home/blackfly/ti/ccsv8/tools/compiler/gcc-arm-none-eabi-7-2017-q4-major/arm-none-eabi/lib/thumb/v7e-m/fpv4-sp/hard/libc_nano.a(lib_a-findfp.o)
 .text          0x0000000000000d7c        0x0 /home/blackfly/ti/ccsv8/tools/compiler/gcc-arm-none-eabi-7-2017-q4-major/arm-none-eabi/lib/thumb/v7e-m/fpv4-sp/hard/libc_nano.a(lib_a-fwalk.o)
 .text          0x0000000000000d7c        0x0 /home/blackfly/ti/ccsv8/tools/compiler/gcc-arm-none-eabi-7-2017-q4-major/arm-none-eabi/lib/thumb/v7e-m/fpv4-sp/hard/libc_nano.a(lib_a-impure.o)
 .text          0x0000000000000d7c        0x0 /home/blackfly/ti/ccsv8/tools/compiler/gcc-arm-none-eabi-7-2017-q4-major/arm-none-eabi/lib/thumb/v7e-m/fpv4-sp/hard/libc_nano.a(lib_a-memcpy-stub.o)
 .text          0x0000000000000d7c        0x0 /home/blackfly/ti/ccsv8/tools/compiler/gcc-arm-none-eabi-7-2017-q4-major/arm-none-eabi/lib/thumb/v7e-m/fpv4-sp/hard/libc_nano.a(lib_a-memset.o)
 .text          0x0000000000000d7c        0x0 /home/blackfly/ti/ccsv8/tools/compiler/gcc-arm-none-eabi-7-2017-q4-major/arm-none-eabi/lib/thumb/v7e-m/fpv4-sp/hard/libc_nano.a(lib_a-nano-mallocr.o)
 .text          0x0000000000000d7c        0x0 /home/blackfly/ti/ccsv8/tools/compiler/gcc-arm-none-eabi-7-2017-q4-major/arm-none-eabi/lib/thumb/v7e-m/fpv4-sp/hard/libc_nano.a(lib_a-reent.o)
 .text          0x0000000000000d7c        0x0 /home/blackfly/ti/ccsv8/tools/compiler/gcc-arm-none-eabi-7-2017-q4-major/arm-none-eabi/lib/thumb/v7e-m/fpv4-sp/hard/libc_nano.a(lib_a-sbrkr.o)
 .text          0x0000000000000d7c        0x0 /home/blackfly/ti/ccsv8/tools/compiler/gcc-arm-none-eabi-7-2017-q4-major/arm-none-eabi/lib/thumb/v7e-m/fpv4-sp/hard/libc_nano.a(lib_a-stdio.o)
 .text          0x0000000000000d7c       0x10 /home/blackfly/ti/ccsv8/tools/compiler/gcc-arm-none-eabi-7-2017-q4-major/arm-none-eabi/lib/thumb/v7e-m/fpv4-sp/hard/libc_nano.a(lib_a-strlen.o)
                0x0000000000000d7c                strlen
 .text          0x0000000000000d8c        0x0 /home/blackfly/ti/ccsv8/tools/compiler/gcc-arm-none-eabi-7-2017-q4-major/arm-none-eabi/lib/thumb/v7e-m/fpv4-sp/hard/libc_nano.a(lib_a-writer.o)
 .text          0x0000000000000d8c        0x0 /home/blackfly/ti/ccsv8/tools/compiler/gcc-arm-none-eabi-7-2017-q4-major/arm-none-eabi/lib/thumb/v7e-m/fpv4-sp/hard/libc_nano.a(lib_a-closer.o)
 .text          0x0000000000000d8c        0x0 /home/blackfly/ti/ccsv8/tools/compiler/gcc-arm-none-eabi-7-2017-q4-major/arm-none-eabi/lib/thumb/v7e-m/fpv4-sp/hard/libc_nano.a(lib_a-fflush.o)
 .text          0x0000000000000d8c        0x0 /home/blackfly/ti/ccsv8/tools/compiler/gcc-arm-none-eabi-7-2017-q4-major/arm-none-eabi/lib/thumb/v7e-m/fpv4-sp/hard/libc_nano.a(lib_a-lseekr.o)
 .text          0x0000000000000d8c        0x0 /home/blackfly/ti/ccsv8/tools/compiler/gcc-arm-none-eabi-7-2017-q4-major/arm-none-eabi/lib/thumb/v7e-m/fpv4-sp/hard/libc_nano.a(lib_a-mlock.o)
 .text          0x0000000000000d8c        0x0 /home/blackfly/ti/ccsv8/tools/compiler/gcc-arm-none-eabi-7-2017-q4-major/arm-none-eabi/lib/thumb/v7e-m/fpv4-sp/hard/libc_nano.a(lib_a-nano-freer.o)
 .text          0x0000000000000d8c        0x0 /home/blackfly/ti/ccsv8/tools/compiler/gcc-arm-none-eabi-7-2017-q4-major/arm-none-eabi/lib/thumb/v7e-m/fpv4-sp/hard/libc_nano.a(lib_a-readr.o)
 .text          0x0000000000000d8c        0x0 /home/blackfly/ti/ccsv8/tools/compiler/gcc-arm-none-eabi-7-2017-q4-major/arm-none-eabi/lib/thumb/v7e-m/fpv4-sp/hard/libnosys.a(close.o)
 .text          0x0000000000000d8c        0x0 /home/blackfly/ti/ccsv8/tools/compiler/gcc-arm-none-eabi-7-2017-q4-major/arm-none-eabi/lib/thumb/v7e-m/fpv4-sp/hard/libnosys.a(lseek.o)
 .text          0x0000000000000d8c        0x0 /home/blackfly/ti/ccsv8/tools/compiler/gcc-arm-none-eabi-7-2017-q4-major/arm-none-eabi/lib/thumb/v7e-m/fpv4-sp/hard/libnosys.a(read.o)
 .text          0x0000000000000d8c        0x0 /home/blackfly/ti/ccsv8/tools/compiler/gcc-arm-none-eabi-7-2017-q4-major/arm-none-eabi/lib/thumb/v7e-m/fpv4-sp/hard/libnosys.a(sbrk.o)
 .text          0x0000000000000d8c        0x0 /home/blackfly/ti/ccsv8/tools/compiler/gcc-arm-none-eabi-7-2017-q4-major/arm-none-eabi/lib/thumb/v7e-m/fpv4-sp/hard/libnosys.a(write.o)
 *(.text.*)
 .text.MSP_EXP432P401R_initGeneral
                0x0000000000000d8c        0xc ./MSP_EXP432P401R.o
                0x0000000000000d8c                MSP_EXP432P401R_initGeneral
 .text.main     0x0000000000000d98       0x58 ./main_freertos.o
                0x0000000000000d98                main
 .text.vApplicationMallocFailedHook
                0x0000000000000df0        0x6 ./main_freertos.o
                0x0000000000000df0                vApplicationMallocFailedHook
 .text.vApplicationStackOverflowHook
                0x0000000000000df6        0xc ./main_freertos.o
                0x0000000000000df6                vApplicationStackOverflowHook
 .text.ssd_dat.6580
                0x0000000000000e02       0x42 ./freertos/ssd1306_freertos.o
 .text.vTaskOled
                0x0000000000000e44      0x1f4 ./freertos/ssd1306_freertos.o
                0x0000000000000e44                vTaskOled
 .text.ssd_cmd.6584
                0x0000000000001038       0x42 ./freertos/ssd1306_freertos.o
 .text.vTaskLEDA
                0x000000000000107a       0x1e ./freertos/ssd1306_freertos.o
                0x000000000000107a                vTaskLEDA
 .text.GPIO_hwiIntFxn
                0x0000000000001098       0x64 /home/blackfly/ti/simplelink_msp432p4_sdk_2_10_00_14/source/ti/drivers/lib/drivers_msp432p401x.am4fg(GPIOMSP432.om4fg)
                0x0000000000001098                GPIO_hwiIntFxn
 .text.GPIO_setCallback
                0x00000000000010fc       0x68 /home/blackfly/ti/simplelink_msp432p4_sdk_2_10_00_14/source/ti/drivers/lib/drivers_msp432p401x.am4fg(GPIOMSP432.om4fg)
                0x00000000000010fc                GPIO_setCallback
 .text.GPIO_setConfig
                0x0000000000001164      0x184 /home/blackfly/ti/simplelink_msp432p4_sdk_2_10_00_14/source/ti/drivers/lib/drivers_msp432p401x.am4fg(GPIOMSP432.om4fg)
                0x0000000000001164                GPIO_setConfig
 .text.GPIO_init
                0x00000000000012e8       0xe0 /home/blackfly/ti/simplelink_msp432p4_sdk_2_10_00_14/source/ti/drivers/lib/drivers_msp432p401x.am4fg(GPIOMSP432.om4fg)
                0x00000000000012e8                GPIO_init
 .text.GPIO_toggle
                0x00000000000013c8       0x40 /home/blackfly/ti/simplelink_msp432p4_sdk_2_10_00_14/source/ti/drivers/lib/drivers_msp432p401x.am4fg(GPIOMSP432.om4fg)
                0x00000000000013c8                GPIO_toggle
 .text.I2C_init
                0x0000000000001408       0x4c /home/blackfly/ti/simplelink_msp432p4_sdk_2_10_00_14/source/ti/drivers/lib/drivers_msp432p401x.am4fg(I2C.om4fg)
                0x0000000000001408                I2C_init
 .text.I2C_open
                0x0000000000001454       0x44 /home/blackfly/ti/simplelink_msp432p4_sdk_2_10_00_14/source/ti/drivers/lib/drivers_msp432p401x.am4fg(I2C.om4fg)
                0x0000000000001454                I2C_open
 .text.I2C_Params_init
                0x0000000000001498        0xc /home/blackfly/ti/simplelink_msp432p4_sdk_2_10_00_14/source/ti/drivers/lib/drivers_msp432p401x.am4fg(I2C.om4fg)
                0x0000000000001498                I2C_Params_init
 .text.I2C_transfer
                0x00000000000014a4        0x8 /home/blackfly/ti/simplelink_msp432p4_sdk_2_10_00_14/source/ti/drivers/lib/drivers_msp432p401x.am4fg(I2C.om4fg)
                0x00000000000014a4                I2C_transfer
 .text.I2CMSP432_control
                0x00000000000014ac        0x8 /home/blackfly/ti/simplelink_msp432p4_sdk_2_10_00_14/source/ti/drivers/lib/drivers_msp432p401x.am4fg(I2CMSP432.om4fg)
                0x00000000000014ac                I2CMSP432_control
 .text.I2CMSP432_init
                0x00000000000014b4        0x4 /home/blackfly/ti/simplelink_msp432p4_sdk_2_10_00_14/source/ti/drivers/lib/drivers_msp432p401x.am4fg(I2CMSP432.om4fg)
                0x00000000000014b4                I2CMSP432_init
 .text.I2CMSP432_close
                0x00000000000014b8       0x70 /home/blackfly/ti/simplelink_msp432p4_sdk_2_10_00_14/source/ti/drivers/lib/drivers_msp432p401x.am4fg(I2CMSP432.om4fg)
                0x00000000000014b8                I2CMSP432_close
 .text.blockingTransferCallback
                0x0000000000001528        0x8 /home/blackfly/ti/simplelink_msp432p4_sdk_2_10_00_14/source/ti/drivers/lib/drivers_msp432p401x.am4fg(I2CMSP432.om4fg)
 .text.initHw.isra.0
                0x0000000000001530       0x6c /home/blackfly/ti/simplelink_msp432p4_sdk_2_10_00_14/source/ti/drivers/lib/drivers_msp432p401x.am4fg(I2CMSP432.om4fg)
 .text.perfChangeNotifyFxn
                0x000000000000159c       0x48 /home/blackfly/ti/simplelink_msp432p4_sdk_2_10_00_14/source/ti/drivers/lib/drivers_msp432p401x.am4fg(I2CMSP432.om4fg)
 .text.I2CMSP432_cancel
                0x00000000000015e4       0xac /home/blackfly/ti/simplelink_msp432p4_sdk_2_10_00_14/source/ti/drivers/lib/drivers_msp432p401x.am4fg(I2CMSP432.om4fg)
                0x00000000000015e4                I2CMSP432_cancel
 .text.I2CMSP432_open
                0x0000000000001690      0x254 /home/blackfly/ti/simplelink_msp432p4_sdk_2_10_00_14/source/ti/drivers/lib/drivers_msp432p401x.am4fg(I2CMSP432.om4fg)
                0x0000000000001690                I2CMSP432_open
 .text.primeTransfer.isra.1
                0x00000000000018e4       0x80 /home/blackfly/ti/simplelink_msp432p4_sdk_2_10_00_14/source/ti/drivers/lib/drivers_msp432p401x.am4fg(I2CMSP432.om4fg)
 .text.completeTransfer
                0x0000000000001964       0x48 /home/blackfly/ti/simplelink_msp432p4_sdk_2_10_00_14/source/ti/drivers/lib/drivers_msp432p401x.am4fg(I2CMSP432.om4fg)
 .text.I2CMSP432_hwiIntFxn
                0x00000000000019ac      0x174 /home/blackfly/ti/simplelink_msp432p4_sdk_2_10_00_14/source/ti/drivers/lib/drivers_msp432p401x.am4fg(I2CMSP432.om4fg)
                0x00000000000019ac                I2CMSP432_hwiIntFxn
 .text.I2CMSP432_transfer
                0x0000000000001b20       0xa0 /home/blackfly/ti/simplelink_msp432p4_sdk_2_10_00_14/source/ti/drivers/lib/drivers_msp432p401x.am4fg(I2CMSP432.om4fg)
                0x0000000000001b20                I2CMSP432_transfer
 .text.notify   0x0000000000001bc0       0x34 /home/blackfly/ti/simplelink_msp432p4_sdk_2_10_00_14/source/ti/drivers/lib/drivers_msp432p401x.am4fg(PowerMSP432.om4fg)
 .text.restartHFXT
                0x0000000000001bf4       0x88 /home/blackfly/ti/simplelink_msp432p4_sdk_2_10_00_14/source/ti/drivers/lib/drivers_msp432p401x.am4fg(PowerMSP432.om4fg)
 .text.Power_getConstraintMask
                0x0000000000001c7c        0xc /home/blackfly/ti/simplelink_msp432p4_sdk_2_10_00_14/source/ti/drivers/lib/drivers_msp432p401x.am4fg(PowerMSP432.om4fg)
                0x0000000000001c7c                Power_getConstraintMask
 .text.Power_getPerformanceLevel
                0x0000000000001c88        0xc /home/blackfly/ti/simplelink_msp432p4_sdk_2_10_00_14/source/ti/drivers/lib/drivers_msp432p401x.am4fg(PowerMSP432.om4fg)
                0x0000000000001c88                Power_getPerformanceLevel
 .text.Power_idleFunc
                0x0000000000001c94       0x14 /home/blackfly/ti/simplelink_msp432p4_sdk_2_10_00_14/source/ti/drivers/lib/drivers_msp432p401x.am4fg(PowerMSP432.om4fg)
                0x0000000000001c94                Power_idleFunc
 .text.Power_init
                0x0000000000001ca8      0x34c /home/blackfly/ti/simplelink_msp432p4_sdk_2_10_00_14/source/ti/drivers/lib/drivers_msp432p401x.am4fg(PowerMSP432.om4fg)
                0x0000000000001ca8                Power_init
 .text.Power_registerNotify
                0x0000000000001ff4       0x24 /home/blackfly/ti/simplelink_msp432p4_sdk_2_10_00_14/source/ti/drivers/lib/drivers_msp432p401x.am4fg(PowerMSP432.om4fg)
                0x0000000000001ff4                Power_registerNotify
 .text.Power_releaseConstraint
                0x0000000000002018       0x48 /home/blackfly/ti/simplelink_msp432p4_sdk_2_10_00_14/source/ti/drivers/lib/drivers_msp432p401x.am4fg(PowerMSP432.om4fg)
                0x0000000000002018                Power_releaseConstraint
 .text.Power_setConstraint
                0x0000000000002060       0x34 /home/blackfly/ti/simplelink_msp432p4_sdk_2_10_00_14/source/ti/drivers/lib/drivers_msp432p401x.am4fg(PowerMSP432.om4fg)
                0x0000000000002060                Power_setConstraint
 .text.Power_sleep
                0x0000000000002094      0x400 /home/blackfly/ti/simplelink_msp432p4_sdk_2_10_00_14/source/ti/drivers/lib/drivers_msp432p401x.am4fg(PowerMSP432.om4fg)
                0x0000000000002094                Power_sleep
 .text.Power_unregisterNotify
                0x0000000000002494       0x20 /home/blackfly/ti/simplelink_msp432p4_sdk_2_10_00_14/source/ti/drivers/lib/drivers_msp432p401x.am4fg(PowerMSP432.om4fg)
                0x0000000000002494                Power_unregisterNotify
 .text.PowerMSP432_getFreqs
                0x00000000000024b4       0x50 /home/blackfly/ti/simplelink_msp432p4_sdk_2_10_00_14/source/ti/drivers/lib/drivers_msp432p401x.am4fg(PowerMSP432.om4fg)
                0x00000000000024b4                PowerMSP432_getFreqs
 .text.PowerMSP432_getNumPerfLevels
                0x0000000000002504        0xc /home/blackfly/ti/simplelink_msp432p4_sdk_2_10_00_14/source/ti/drivers/lib/drivers_msp432p401x.am4fg(PowerMSP432.om4fg)
                0x0000000000002504                PowerMSP432_getNumPerfLevels
 .text.List_put
                0x0000000000002510       0x2c /home/blackfly/ti/simplelink_msp432p4_sdk_2_10_00_14/source/ti/drivers/lib/drivers_msp432p401x.am4fg(List.om4fg)
                0x0000000000002510                List_put
 .text.List_remove
                0x000000000000253c       0x30 /home/blackfly/ti/simplelink_msp432p4_sdk_2_10_00_14/source/ti/drivers/lib/drivers_msp432p401x.am4fg(List.om4fg)
                0x000000000000253c                List_remove
 .text.HwiP_disable
                0x000000000000256c       0x34 /mnt/sda4/Projects/MSP432/freertos_builds_MSP_EXP432P401R_release_gcc/Debug/libfreertos_builds_MSP_EXP432P401R_release_gcc.a(HwiPMSP432_freertos.o)
                0x000000000000256c                HwiP_disable
 .text.HwiP_restore
                0x00000000000025a0       0x2c /mnt/sda4/Projects/MSP432/freertos_builds_MSP_EXP432P401R_release_gcc/Debug/libfreertos_builds_MSP_EXP432P401R_release_gcc.a(HwiPMSP432_freertos.o)
                0x00000000000025a0                HwiP_restore
 .text.HwiP_delete
                0x00000000000025cc       0x20 /mnt/sda4/Projects/MSP432/freertos_builds_MSP_EXP432P401R_release_gcc/Debug/libfreertos_builds_MSP_EXP432P401R_release_gcc.a(HwiPMSP432_freertos.o)
                0x00000000000025cc                HwiP_delete
 .text.HwiP_dispatch
                0x00000000000025ec       0x58 /mnt/sda4/Projects/MSP432/freertos_builds_MSP_EXP432P401R_release_gcc/Debug/libfreertos_builds_MSP_EXP432P401R_release_gcc.a(HwiPMSP432_freertos.o)
                0x00000000000025ec                HwiP_dispatch
 .text.HwiP_create
                0x0000000000002644       0x78 /mnt/sda4/Projects/MSP432/freertos_builds_MSP_EXP432P401R_release_gcc/Debug/libfreertos_builds_MSP_EXP432P401R_release_gcc.a(HwiPMSP432_freertos.o)
                0x0000000000002644                HwiP_create
 .text.HwiP_inISR
                0x00000000000026bc       0x2c /mnt/sda4/Projects/MSP432/freertos_builds_MSP_EXP432P401R_release_gcc/Debug/libfreertos_builds_MSP_EXP432P401R_release_gcc.a(HwiPMSP432_freertos.o)
                0x00000000000026bc                HwiP_inISR
 .text.HwiP_Params_init
                0x00000000000026e8       0x28 /mnt/sda4/Projects/MSP432/freertos_builds_MSP_EXP432P401R_release_gcc/Debug/libfreertos_builds_MSP_EXP432P401R_release_gcc.a(HwiPMSP432_freertos.o)
                0x00000000000026e8                HwiP_Params_init
 .text.PowerMSP432_sleepPolicy
                0x0000000000002710       0x4a /mnt/sda4/Projects/MSP432/freertos_builds_MSP_EXP432P401R_release_gcc/Debug/libfreertos_builds_MSP_EXP432P401R_release_gcc.a(PowerMSP432_freertos.o)
                0x0000000000002710                PowerMSP432_sleepPolicy
 .text.PowerMSP432_initPolicy
                0x000000000000275a        0xe /mnt/sda4/Projects/MSP432/freertos_builds_MSP_EXP432P401R_release_gcc/Debug/libfreertos_builds_MSP_EXP432P401R_release_gcc.a(PowerMSP432_freertos.o)
                0x000000000000275a                PowerMSP432_initPolicy
 .text.PowerMSP432_updateFreqs
                0x0000000000002768       0x14 /mnt/sda4/Projects/MSP432/freertos_builds_MSP_EXP432P401R_release_gcc/Debug/libfreertos_builds_MSP_EXP432P401R_release_gcc.a(PowerMSP432_freertos.o)
                0x0000000000002768                PowerMSP432_updateFreqs
 .text.vPortSuppressTicksAndSleep
                0x000000000000277c       0x14 /mnt/sda4/Projects/MSP432/freertos_builds_MSP_EXP432P401R_release_gcc/Debug/libfreertos_builds_MSP_EXP432P401R_release_gcc.a(PowerMSP432_freertos.o)
                0x000000000000277c                vPortSuppressTicksAndSleep
 .text.SemaphoreP_create
                0x0000000000002790       0x64 /mnt/sda4/Projects/MSP432/freertos_builds_MSP_EXP432P401R_release_gcc/Debug/libfreertos_builds_MSP_EXP432P401R_release_gcc.a(SemaphoreP_freertos.o)
                0x0000000000002790                SemaphoreP_create
 .text.SemaphoreP_createBinary
                0x00000000000027f4       0x3a /mnt/sda4/Projects/MSP432/freertos_builds_MSP_EXP432P401R_release_gcc/Debug/libfreertos_builds_MSP_EXP432P401R_release_gcc.a(SemaphoreP_freertos.o)
                0x00000000000027f4                SemaphoreP_createBinary
 .text.SemaphoreP_delete
                0x000000000000282e       0x16 /mnt/sda4/Projects/MSP432/freertos_builds_MSP_EXP432P401R_release_gcc/Debug/libfreertos_builds_MSP_EXP432P401R_release_gcc.a(SemaphoreP_freertos.o)
                0x000000000000282e                SemaphoreP_delete
 .text.SemaphoreP_Params_init
                0x0000000000002844       0x20 /mnt/sda4/Projects/MSP432/freertos_builds_MSP_EXP432P401R_release_gcc/Debug/libfreertos_builds_MSP_EXP432P401R_release_gcc.a(SemaphoreP_freertos.o)
                0x0000000000002844                SemaphoreP_Params_init
 .text.SemaphoreP_pend
                0x0000000000002864       0x2a /mnt/sda4/Projects/MSP432/freertos_builds_MSP_EXP432P401R_release_gcc/Debug/libfreertos_builds_MSP_EXP432P401R_release_gcc.a(SemaphoreP_freertos.o)
                0x0000000000002864                SemaphoreP_pend
 .text.SemaphoreP_post
                0x000000000000288e       0x3a /mnt/sda4/Projects/MSP432/freertos_builds_MSP_EXP432P401R_release_gcc/Debug/libfreertos_builds_MSP_EXP432P401R_release_gcc.a(SemaphoreP_freertos.o)
                0x000000000000288e                SemaphoreP_post
 .text.pvPortMalloc
                0x00000000000028c8      0x18c /mnt/sda4/Projects/MSP432/freertos_builds_MSP_EXP432P401R_release_gcc/Debug/libfreertos_builds_MSP_EXP432P401R_release_gcc.a(heap_4.o)
                0x00000000000028c8                pvPortMalloc
 .text.vPortFree
                0x0000000000002a54       0xb0 /mnt/sda4/Projects/MSP432/freertos_builds_MSP_EXP432P401R_release_gcc/Debug/libfreertos_builds_MSP_EXP432P401R_release_gcc.a(heap_4.o)
                0x0000000000002a54                vPortFree
 .text.prvHeapInit
                0x0000000000002b04       0xc4 /mnt/sda4/Projects/MSP432/freertos_builds_MSP_EXP432P401R_release_gcc/Debug/libfreertos_builds_MSP_EXP432P401R_release_gcc.a(heap_4.o)
 .text.prvInsertBlockIntoFreeList
                0x0000000000002bc8       0xb4 /mnt/sda4/Projects/MSP432/freertos_builds_MSP_EXP432P401R_release_gcc/Debug/libfreertos_builds_MSP_EXP432P401R_release_gcc.a(heap_4.o)
 .text.xQueueGenericReset
                0x0000000000002c7c       0xd0 /mnt/sda4/Projects/MSP432/freertos_builds_MSP_EXP432P401R_release_gcc/Debug/libfreertos_builds_MSP_EXP432P401R_release_gcc.a(queue.o)
                0x0000000000002c7c                xQueueGenericReset
 .text.xQueueGenericCreate
                0x0000000000002d4c       0x72 /mnt/sda4/Projects/MSP432/freertos_builds_MSP_EXP432P401R_release_gcc/Debug/libfreertos_builds_MSP_EXP432P401R_release_gcc.a(queue.o)
                0x0000000000002d4c                xQueueGenericCreate
 .text.prvInitialiseNewQueue
                0x0000000000002dbe       0x46 /mnt/sda4/Projects/MSP432/freertos_builds_MSP_EXP432P401R_release_gcc/Debug/libfreertos_builds_MSP_EXP432P401R_release_gcc.a(queue.o)
 .text.xQueueCreateCountingSemaphore
                0x0000000000002e04       0x62 /mnt/sda4/Projects/MSP432/freertos_builds_MSP_EXP432P401R_release_gcc/Debug/libfreertos_builds_MSP_EXP432P401R_release_gcc.a(queue.o)
                0x0000000000002e04                xQueueCreateCountingSemaphore
 *fill*         0x0000000000002e66        0x2 
 .text.xQueueGenericSend
                0x0000000000002e68      0x1f4 /mnt/sda4/Projects/MSP432/freertos_builds_MSP_EXP432P401R_release_gcc/Debug/libfreertos_builds_MSP_EXP432P401R_release_gcc.a(queue.o)
                0x0000000000002e68                xQueueGenericSend
 .text.xQueueGenericSendFromISR
                0x000000000000305c      0x128 /mnt/sda4/Projects/MSP432/freertos_builds_MSP_EXP432P401R_release_gcc/Debug/libfreertos_builds_MSP_EXP432P401R_release_gcc.a(queue.o)
                0x000000000000305c                xQueueGenericSendFromISR
 .text.xQueueGiveFromISR
                0x0000000000003184      0x112 /mnt/sda4/Projects/MSP432/freertos_builds_MSP_EXP432P401R_release_gcc/Debug/libfreertos_builds_MSP_EXP432P401R_release_gcc.a(queue.o)
                0x0000000000003184                xQueueGiveFromISR
 *fill*         0x0000000000003296        0x2 
 .text.xQueueReceive
                0x0000000000003298      0x1b8 /mnt/sda4/Projects/MSP432/freertos_builds_MSP_EXP432P401R_release_gcc/Debug/libfreertos_builds_MSP_EXP432P401R_release_gcc.a(queue.o)
                0x0000000000003298                xQueueReceive
 .text.xQueueSemaphoreTake
                0x0000000000003450      0x210 /mnt/sda4/Projects/MSP432/freertos_builds_MSP_EXP432P401R_release_gcc/Debug/libfreertos_builds_MSP_EXP432P401R_release_gcc.a(queue.o)
                0x0000000000003450                xQueueSemaphoreTake
 .text.vQueueDelete
                0x0000000000003660       0x34 /mnt/sda4/Projects/MSP432/freertos_builds_MSP_EXP432P401R_release_gcc/Debug/libfreertos_builds_MSP_EXP432P401R_release_gcc.a(queue.o)
                0x0000000000003660                vQueueDelete
 .text.prvGetDisinheritPriorityAfterTimeout
                0x0000000000003694       0x30 /mnt/sda4/Projects/MSP432/freertos_builds_MSP_EXP432P401R_release_gcc/Debug/libfreertos_builds_MSP_EXP432P401R_release_gcc.a(queue.o)
 .text.prvCopyDataToQueue
                0x00000000000036c4       0xd4 /mnt/sda4/Projects/MSP432/freertos_builds_MSP_EXP432P401R_release_gcc/Debug/libfreertos_builds_MSP_EXP432P401R_release_gcc.a(queue.o)
 .text.prvCopyDataFromQueue
                0x0000000000003798       0x4c /mnt/sda4/Projects/MSP432/freertos_builds_MSP_EXP432P401R_release_gcc/Debug/libfreertos_builds_MSP_EXP432P401R_release_gcc.a(queue.o)
 .text.prvUnlockQueue
                0x00000000000037e4       0xa4 /mnt/sda4/Projects/MSP432/freertos_builds_MSP_EXP432P401R_release_gcc/Debug/libfreertos_builds_MSP_EXP432P401R_release_gcc.a(queue.o)
 .text.prvIsQueueEmpty
                0x0000000000003888       0x2c /mnt/sda4/Projects/MSP432/freertos_builds_MSP_EXP432P401R_release_gcc/Debug/libfreertos_builds_MSP_EXP432P401R_release_gcc.a(queue.o)
 .text.prvIsQueueFull
                0x00000000000038b4       0x30 /mnt/sda4/Projects/MSP432/freertos_builds_MSP_EXP432P401R_release_gcc/Debug/libfreertos_builds_MSP_EXP432P401R_release_gcc.a(queue.o)
 .text.vQueueWaitForMessageRestricted
                0x00000000000038e4       0x68 /mnt/sda4/Projects/MSP432/freertos_builds_MSP_EXP432P401R_release_gcc/Debug/libfreertos_builds_MSP_EXP432P401R_release_gcc.a(queue.o)
                0x00000000000038e4                vQueueWaitForMessageRestricted
 .text.xTaskCreate
                0x000000000000394c       0x82 /mnt/sda4/Projects/MSP432/freertos_builds_MSP_EXP432P401R_release_gcc/Debug/libfreertos_builds_MSP_EXP432P401R_release_gcc.a(tasks.o)
                0x000000000000394c                xTaskCreate
 *fill*         0x00000000000039ce        0x2 
 .text.prvInitialiseNewTask
                0x00000000000039d0      0x140 /mnt/sda4/Projects/MSP432/freertos_builds_MSP_EXP432P401R_release_gcc/Debug/libfreertos_builds_MSP_EXP432P401R_release_gcc.a(tasks.o)
 .text.prvAddNewTaskToReadyList
                0x0000000000003b10       0xdc /mnt/sda4/Projects/MSP432/freertos_builds_MSP_EXP432P401R_release_gcc/Debug/libfreertos_builds_MSP_EXP432P401R_release_gcc.a(tasks.o)
 .text.vTaskDelay
                0x0000000000003bec       0x68 /mnt/sda4/Projects/MSP432/freertos_builds_MSP_EXP432P401R_release_gcc/Debug/libfreertos_builds_MSP_EXP432P401R_release_gcc.a(tasks.o)
                0x0000000000003bec                vTaskDelay
 .text.vTaskStartScheduler
                0x0000000000003c54       0xac /mnt/sda4/Projects/MSP432/freertos_builds_MSP_EXP432P401R_release_gcc/Debug/libfreertos_builds_MSP_EXP432P401R_release_gcc.a(tasks.o)
                0x0000000000003c54                vTaskStartScheduler
 .text.vTaskSuspendAll
                0x0000000000003d00       0x1c /mnt/sda4/Projects/MSP432/freertos_builds_MSP_EXP432P401R_release_gcc/Debug/libfreertos_builds_MSP_EXP432P401R_release_gcc.a(tasks.o)
                0x0000000000003d00                vTaskSuspendAll
 .text.prvGetExpectedIdleTime
                0x0000000000003d1c       0x74 /mnt/sda4/Projects/MSP432/freertos_builds_MSP_EXP432P401R_release_gcc/Debug/libfreertos_builds_MSP_EXP432P401R_release_gcc.a(tasks.o)
 .text.xTaskResumeAll
                0x0000000000003d90      0x138 /mnt/sda4/Projects/MSP432/freertos_builds_MSP_EXP432P401R_release_gcc/Debug/libfreertos_builds_MSP_EXP432P401R_release_gcc.a(tasks.o)
                0x0000000000003d90                xTaskResumeAll
 .text.xTaskGetTickCount
                0x0000000000003ec8       0x20 /mnt/sda4/Projects/MSP432/freertos_builds_MSP_EXP432P401R_release_gcc/Debug/libfreertos_builds_MSP_EXP432P401R_release_gcc.a(tasks.o)
                0x0000000000003ec8                xTaskGetTickCount
 .text.xTaskIncrementTick
                0x0000000000003ee8      0x158 /mnt/sda4/Projects/MSP432/freertos_builds_MSP_EXP432P401R_release_gcc/Debug/libfreertos_builds_MSP_EXP432P401R_release_gcc.a(tasks.o)
                0x0000000000003ee8                xTaskIncrementTick
 .text.vTaskSwitchContext
                0x0000000000004040      0x10c /mnt/sda4/Projects/MSP432/freertos_builds_MSP_EXP432P401R_release_gcc/Debug/libfreertos_builds_MSP_EXP432P401R_release_gcc.a(tasks.o)
                0x0000000000004040                vTaskSwitchContext
 .text.vTaskPlaceOnEventList
                0x000000000000414c       0x48 /mnt/sda4/Projects/MSP432/freertos_builds_MSP_EXP432P401R_release_gcc/Debug/libfreertos_builds_MSP_EXP432P401R_release_gcc.a(tasks.o)
                0x000000000000414c                vTaskPlaceOnEventList
 .text.vTaskPlaceOnEventListRestricted
                0x0000000000004194       0x54 /mnt/sda4/Projects/MSP432/freertos_builds_MSP_EXP432P401R_release_gcc/Debug/libfreertos_builds_MSP_EXP432P401R_release_gcc.a(tasks.o)
                0x0000000000004194                vTaskPlaceOnEventListRestricted
 .text.xTaskRemoveFromEventList
                0x00000000000041e8       0xc8 /mnt/sda4/Projects/MSP432/freertos_builds_MSP_EXP432P401R_release_gcc/Debug/libfreertos_builds_MSP_EXP432P401R_release_gcc.a(tasks.o)
                0x00000000000041e8                xTaskRemoveFromEventList
 .text.vTaskInternalSetTimeOutState
                0x00000000000042b0       0x2c /mnt/sda4/Projects/MSP432/freertos_builds_MSP_EXP432P401R_release_gcc/Debug/libfreertos_builds_MSP_EXP432P401R_release_gcc.a(tasks.o)
                0x00000000000042b0                vTaskInternalSetTimeOutState
 .text.xTaskCheckForTimeOut
                0x00000000000042dc       0xc0 /mnt/sda4/Projects/MSP432/freertos_builds_MSP_EXP432P401R_release_gcc/Debug/libfreertos_builds_MSP_EXP432P401R_release_gcc.a(tasks.o)
                0x00000000000042dc                xTaskCheckForTimeOut
 .text.vTaskMissedYield
                0x000000000000439c       0x18 /mnt/sda4/Projects/MSP432/freertos_builds_MSP_EXP432P401R_release_gcc/Debug/libfreertos_builds_MSP_EXP432P401R_release_gcc.a(tasks.o)
                0x000000000000439c                vTaskMissedYield
 .text.prvIdleTask
                0x00000000000043b4       0x5c /mnt/sda4/Projects/MSP432/freertos_builds_MSP_EXP432P401R_release_gcc/Debug/libfreertos_builds_MSP_EXP432P401R_release_gcc.a(tasks.o)
 .text.prvInitialiseTaskLists
                0x0000000000004410       0x80 /mnt/sda4/Projects/MSP432/freertos_builds_MSP_EXP432P401R_release_gcc/Debug/libfreertos_builds_MSP_EXP432P401R_release_gcc.a(tasks.o)
 .text.prvCheckTasksWaitingTermination
                0x0000000000004490       0x58 /mnt/sda4/Projects/MSP432/freertos_builds_MSP_EXP432P401R_release_gcc/Debug/libfreertos_builds_MSP_EXP432P401R_release_gcc.a(tasks.o)
 .text.prvDeleteTCB
                0x00000000000044e8       0x2a /mnt/sda4/Projects/MSP432/freertos_builds_MSP_EXP432P401R_release_gcc/Debug/libfreertos_builds_MSP_EXP432P401R_release_gcc.a(tasks.o)
 *fill*         0x0000000000004512        0x2 
 .text.prvResetNextTaskUnblockTime
                0x0000000000004514       0x4c /mnt/sda4/Projects/MSP432/freertos_builds_MSP_EXP432P401R_release_gcc/Debug/libfreertos_builds_MSP_EXP432P401R_release_gcc.a(tasks.o)
 .text.xTaskGetSchedulerState
                0x0000000000004560       0x3c /mnt/sda4/Projects/MSP432/freertos_builds_MSP_EXP432P401R_release_gcc/Debug/libfreertos_builds_MSP_EXP432P401R_release_gcc.a(tasks.o)
                0x0000000000004560                xTaskGetSchedulerState
 .text.xTaskPriorityInherit
                0x000000000000459c      0x10c /mnt/sda4/Projects/MSP432/freertos_builds_MSP_EXP432P401R_release_gcc/Debug/libfreertos_builds_MSP_EXP432P401R_release_gcc.a(tasks.o)
                0x000000000000459c                xTaskPriorityInherit
 .text.xTaskPriorityDisinherit
                0x00000000000046a8      0x108 /mnt/sda4/Projects/MSP432/freertos_builds_MSP_EXP432P401R_release_gcc/Debug/libfreertos_builds_MSP_EXP432P401R_release_gcc.a(tasks.o)
                0x00000000000046a8                xTaskPriorityDisinherit
 .text.vTaskPriorityDisinheritAfterTimeout
                0x00000000000047b0      0x13c /mnt/sda4/Projects/MSP432/freertos_builds_MSP_EXP432P401R_release_gcc/Debug/libfreertos_builds_MSP_EXP432P401R_release_gcc.a(tasks.o)
                0x00000000000047b0                vTaskPriorityDisinheritAfterTimeout
 .text.pvTaskIncrementMutexHeldCount
                0x00000000000048ec       0x28 /mnt/sda4/Projects/MSP432/freertos_builds_MSP_EXP432P401R_release_gcc/Debug/libfreertos_builds_MSP_EXP432P401R_release_gcc.a(tasks.o)
                0x00000000000048ec                pvTaskIncrementMutexHeldCount
 .text.prvAddCurrentTaskToDelayedList
                0x0000000000004914       0xcc /mnt/sda4/Projects/MSP432/freertos_builds_MSP_EXP432P401R_release_gcc/Debug/libfreertos_builds_MSP_EXP432P401R_release_gcc.a(tasks.o)
 .text.xTimerCreateTimerTask
                0x00000000000049e0       0x64 /mnt/sda4/Projects/MSP432/freertos_builds_MSP_EXP432P401R_release_gcc/Debug/libfreertos_builds_MSP_EXP432P401R_release_gcc.a(timers.o)
                0x00000000000049e0                xTimerCreateTimerTask
 .text.xTimerGenericCommand
                0x0000000000004a44       0x98 /mnt/sda4/Projects/MSP432/freertos_builds_MSP_EXP432P401R_release_gcc/Debug/libfreertos_builds_MSP_EXP432P401R_release_gcc.a(timers.o)
                0x0000000000004a44                xTimerGenericCommand
 .text.prvProcessExpiredTimer
                0x0000000000004adc       0x80 /mnt/sda4/Projects/MSP432/freertos_builds_MSP_EXP432P401R_release_gcc/Debug/libfreertos_builds_MSP_EXP432P401R_release_gcc.a(timers.o)
 .text.prvTimerTask
                0x0000000000004b5c       0x24 /mnt/sda4/Projects/MSP432/freertos_builds_MSP_EXP432P401R_release_gcc/Debug/libfreertos_builds_MSP_EXP432P401R_release_gcc.a(timers.o)
 .text.prvProcessTimerOrBlockTask
                0x0000000000004b80       0x9c /mnt/sda4/Projects/MSP432/freertos_builds_MSP_EXP432P401R_release_gcc/Debug/libfreertos_builds_MSP_EXP432P401R_release_gcc.a(timers.o)
 .text.prvGetNextExpireTime
                0x0000000000004c1c       0x48 /mnt/sda4/Projects/MSP432/freertos_builds_MSP_EXP432P401R_release_gcc/Debug/libfreertos_builds_MSP_EXP432P401R_release_gcc.a(timers.o)
 .text.prvSampleTimeNow
                0x0000000000004c64       0x40 /mnt/sda4/Projects/MSP432/freertos_builds_MSP_EXP432P401R_release_gcc/Debug/libfreertos_builds_MSP_EXP432P401R_release_gcc.a(timers.o)
 .text.prvInsertTimerInActiveList
                0x0000000000004ca4       0x84 /mnt/sda4/Projects/MSP432/freertos_builds_MSP_EXP432P401R_release_gcc/Debug/libfreertos_builds_MSP_EXP432P401R_release_gcc.a(timers.o)
 .text.prvProcessReceivedCommands
                0x0000000000004d28      0x124 /mnt/sda4/Projects/MSP432/freertos_builds_MSP_EXP432P401R_release_gcc/Debug/libfreertos_builds_MSP_EXP432P401R_release_gcc.a(timers.o)
 .text.prvSwitchTimerLists
                0x0000000000004e4c       0xc0 /mnt/sda4/Projects/MSP432/freertos_builds_MSP_EXP432P401R_release_gcc/Debug/libfreertos_builds_MSP_EXP432P401R_release_gcc.a(timers.o)
 .text.prvCheckForValidListAndQueue
                0x0000000000004f0c       0x54 /mnt/sda4/Projects/MSP432/freertos_builds_MSP_EXP432P401R_release_gcc/Debug/libfreertos_builds_MSP_EXP432P401R_release_gcc.a(timers.o)
 .text.pxPortInitialiseStack
                0x0000000000004f60       0x68 /mnt/sda4/Projects/MSP432/freertos_builds_MSP_EXP432P401R_release_gcc/Debug/libfreertos_builds_MSP_EXP432P401R_release_gcc.a(port.o)
                0x0000000000004f60                pxPortInitialiseStack
 .text.prvTaskExitError
                0x0000000000004fc8       0x54 /mnt/sda4/Projects/MSP432/freertos_builds_MSP_EXP432P401R_release_gcc/Debug/libfreertos_builds_MSP_EXP432P401R_release_gcc.a(port.o)
 *fill*         0x000000000000501c        0x4 
 .text.SVC_Handler
                0x0000000000005020       0x28 /mnt/sda4/Projects/MSP432/freertos_builds_MSP_EXP432P401R_release_gcc/Debug/libfreertos_builds_MSP_EXP432P401R_release_gcc.a(port.o)
                0x0000000000005020                SVC_Handler
 .text.prvPortStartFirstTask
                0x0000000000005048       0x28 /mnt/sda4/Projects/MSP432/freertos_builds_MSP_EXP432P401R_release_gcc/Debug/libfreertos_builds_MSP_EXP432P401R_release_gcc.a(port.o)
 .text.xPortStartScheduler
                0x0000000000005070      0x13c /mnt/sda4/Projects/MSP432/freertos_builds_MSP_EXP432P401R_release_gcc/Debug/libfreertos_builds_MSP_EXP432P401R_release_gcc.a(port.o)
                0x0000000000005070                xPortStartScheduler
 .text.vPortEnterCritical
                0x00000000000051ac       0x5c /mnt/sda4/Projects/MSP432/freertos_builds_MSP_EXP432P401R_release_gcc/Debug/libfreertos_builds_MSP_EXP432P401R_release_gcc.a(port.o)
                0x00000000000051ac                vPortEnterCritical
 .text.vPortExitCritical
                0x0000000000005208       0x50 /mnt/sda4/Projects/MSP432/freertos_builds_MSP_EXP432P401R_release_gcc/Debug/libfreertos_builds_MSP_EXP432P401R_release_gcc.a(port.o)
                0x0000000000005208                vPortExitCritical
 *fill*         0x0000000000005258        0x8 
 .text.PendSV_Handler
                0x0000000000005260       0x68 /mnt/sda4/Projects/MSP432/freertos_builds_MSP_EXP432P401R_release_gcc/Debug/libfreertos_builds_MSP_EXP432P401R_release_gcc.a(port.o)
                0x0000000000005260                PendSV_Handler
 .text.SysTick_Handler
                0x00000000000052c8       0x40 /mnt/sda4/Projects/MSP432/freertos_builds_MSP_EXP432P401R_release_gcc/Debug/libfreertos_builds_MSP_EXP432P401R_release_gcc.a(port.o)
                0x00000000000052c8                SysTick_Handler
 .text.vPortSetupTimerInterrupt
                0x0000000000005308       0x88 /mnt/sda4/Projects/MSP432/freertos_builds_MSP_EXP432P401R_release_gcc/Debug/libfreertos_builds_MSP_EXP432P401R_release_gcc.a(port.o)
                0x0000000000005308                vPortSetupTimerInterrupt
 .text.vPortEnableVFP
                0x0000000000005390       0x14 /mnt/sda4/Projects/MSP432/freertos_builds_MSP_EXP432P401R_release_gcc/Debug/libfreertos_builds_MSP_EXP432P401R_release_gcc.a(port.o)
 .text.vPortValidateInterruptPriority
                0x00000000000053a4       0x7c /mnt/sda4/Projects/MSP432/freertos_builds_MSP_EXP432P401R_release_gcc/Debug/libfreertos_builds_MSP_EXP432P401R_release_gcc.a(port.o)
                0x00000000000053a4                vPortValidateInterruptPriority
 .text.resetISR
                0x0000000000005420       0xc0 /mnt/sda4/Projects/MSP432/freertos_builds_MSP_EXP432P401R_release_gcc/Debug/libfreertos_builds_MSP_EXP432P401R_release_gcc.a(startup_msp432_gcc.o)
                0x0000000000005420                resetISR
 .text.nmiISR   0x00000000000054e0        0x6 /mnt/sda4/Projects/MSP432/freertos_builds_MSP_EXP432P401R_release_gcc/Debug/libfreertos_builds_MSP_EXP432P401R_release_gcc.a(startup_msp432_gcc.o)
 .text.faultISR
                0x00000000000054e6        0x6 /mnt/sda4/Projects/MSP432/freertos_builds_MSP_EXP432P401R_release_gcc/Debug/libfreertos_builds_MSP_EXP432P401R_release_gcc.a(startup_msp432_gcc.o)
 .text.busFaultHandler
                0x00000000000054ec        0x6 /mnt/sda4/Projects/MSP432/freertos_builds_MSP_EXP432P401R_release_gcc/Debug/libfreertos_builds_MSP_EXP432P401R_release_gcc.a(startup_msp432_gcc.o)
 .text.defaultHandler
                0x00000000000054f2        0x6 /mnt/sda4/Projects/MSP432/freertos_builds_MSP_EXP432P401R_release_gcc/Debug/libfreertos_builds_MSP_EXP432P401R_release_gcc.a(startup_msp432_gcc.o)
 .text._fini    0x00000000000054f8        0xe /mnt/sda4/Projects/MSP432/freertos_builds_MSP_EXP432P401R_release_gcc/Debug/libfreertos_builds_MSP_EXP432P401R_release_gcc.a(startup_msp432_gcc.o)
                0x00000000000054f8                _fini
 .text.sleep    0x0000000000005506       0x24 /mnt/sda4/Projects/MSP432/freertos_builds_MSP_EXP432P401R_release_gcc/Debug/libfreertos_builds_MSP_EXP432P401R_release_gcc.a(sleep.o)
                0x0000000000005506                sleep
 .text.vListInitialise
                0x000000000000552a       0x40 /mnt/sda4/Projects/MSP432/freertos_builds_MSP_EXP432P401R_release_gcc/Debug/libfreertos_builds_MSP_EXP432P401R_release_gcc.a(list.o)
                0x000000000000552a                vListInitialise
 .text.vListInitialiseItem
                0x000000000000556a       0x1a /mnt/sda4/Projects/MSP432/freertos_builds_MSP_EXP432P401R_release_gcc/Debug/libfreertos_builds_MSP_EXP432P401R_release_gcc.a(list.o)
                0x000000000000556a                vListInitialiseItem
 .text.vListInsertEnd
                0x0000000000005584       0x48 /mnt/sda4/Projects/MSP432/freertos_builds_MSP_EXP432P401R_release_gcc/Debug/libfreertos_builds_MSP_EXP432P401R_release_gcc.a(list.o)
                0x0000000000005584                vListInsertEnd
 .text.vListInsert
                0x00000000000055cc       0x72 /mnt/sda4/Projects/MSP432/freertos_builds_MSP_EXP432P401R_release_gcc/Debug/libfreertos_builds_MSP_EXP432P401R_release_gcc.a(list.o)
                0x00000000000055cc                vListInsert
 .text.uxListRemove
                0x000000000000563e       0x54 /mnt/sda4/Projects/MSP432/freertos_builds_MSP_EXP432P401R_release_gcc/Debug/libfreertos_builds_MSP_EXP432P401R_release_gcc.a(list.o)
                0x000000000000563e                uxListRemove
 .text.CPU_cpsid
                0x0000000000005692        0xe /home/blackfly/ti/simplelink_msp432p4_sdk_2_10_00_14/source/ti/devices/msp432p4xx/driverlib/gcc/msp432p4xx_driverlib.a(cpu_MSP432P4XX.obj)
                0x0000000000005692                CPU_cpsid
 .text.CPU_cpsie
                0x00000000000056a0        0xe /home/blackfly/ti/simplelink_msp432p4_sdk_2_10_00_14/source/ti/devices/msp432p4xx/driverlib/gcc/msp432p4xx_driverlib.a(cpu_MSP432P4XX.obj)
                0x00000000000056a0                CPU_cpsie
 *fill*         0x00000000000056ae        0x2 
 .text._CSGetHFXTFrequency
                0x00000000000056b0       0xe8 /home/blackfly/ti/simplelink_msp432p4_sdk_2_10_00_14/source/ti/devices/msp432p4xx/driverlib/gcc/msp432p4xx_driverlib.a(cs_MSP432P4XX.obj)
 .text._CSGetDividerValue
                0x0000000000005798       0x78 /home/blackfly/ti/simplelink_msp432p4_sdk_2_10_00_14/source/ti/devices/msp432p4xx/driverlib/gcc/msp432p4xx_driverlib.a(cs_MSP432P4XX.obj)
 .text._CSComputeCLKFrequency
                0x0000000000005810      0x130 /home/blackfly/ti/simplelink_msp432p4_sdk_2_10_00_14/source/ti/devices/msp432p4xx/driverlib/gcc/msp432p4xx_driverlib.a(cs_MSP432P4XX.obj)
 .text._CSGetDOCFrequency
                0x0000000000005940       0x8c /home/blackfly/ti/simplelink_msp432p4_sdk_2_10_00_14/source/ti/devices/msp432p4xx/driverlib/gcc/msp432p4xx_driverlib.a(cs_MSP432P4XX.obj)
 .text.CS_setExternalClockSourceFrequency
                0x00000000000059cc       0x2c /home/blackfly/ti/simplelink_msp432p4_sdk_2_10_00_14/source/ti/devices/msp432p4xx/driverlib/gcc/msp432p4xx_driverlib.a(cs_MSP432P4XX.obj)
                0x00000000000059cc                CS_setExternalClockSourceFrequency
 .text.CS_startHFXTWithTimeout
                0x00000000000059f8       0xf4 /home/blackfly/ti/simplelink_msp432p4_sdk_2_10_00_14/source/ti/devices/msp432p4xx/driverlib/gcc/msp432p4xx_driverlib.a(cs_MSP432P4XX.obj)
                0x00000000000059f8                CS_startHFXTWithTimeout
 .text.CS_startLFXTWithTimeout
                0x0000000000005aec       0xec /home/blackfly/ti/simplelink_msp432p4_sdk_2_10_00_14/source/ti/devices/msp432p4xx/driverlib/gcc/msp432p4xx_driverlib.a(cs_MSP432P4XX.obj)
                0x0000000000005aec                CS_startLFXTWithTimeout
 .text.CS_getDCOFrequency
                0x0000000000005bd8      0x118 /home/blackfly/ti/simplelink_msp432p4_sdk_2_10_00_14/source/ti/devices/msp432p4xx/driverlib/gcc/msp432p4xx_driverlib.a(cs_MSP432P4XX.obj)
                0x0000000000005bd8                CS_getDCOFrequency
 .text.CS_getMCLK
                0x0000000000005cf0       0x34 /home/blackfly/ti/simplelink_msp432p4_sdk_2_10_00_14/source/ti/devices/msp432p4xx/driverlib/gcc/msp432p4xx_driverlib.a(cs_MSP432P4XX.obj)
                0x0000000000005cf0                CS_getMCLK
 .text.CS_clearInterruptFlag
                0x0000000000005d24       0x38 /home/blackfly/ti/simplelink_msp432p4_sdk_2_10_00_14/source/ti/devices/msp432p4xx/driverlib/gcc/msp432p4xx_driverlib.a(cs_MSP432P4XX.obj)
                0x0000000000005d24                CS_clearInterruptFlag
 .text.I2C_masterSendMultiByteFinish
                0x0000000000005d5c       0x9c /home/blackfly/ti/simplelink_msp432p4_sdk_2_10_00_14/source/ti/devices/msp432p4xx/driverlib/gcc/msp432p4xx_driverlib.a(i2c_MSP432P4XX.obj)
                0x0000000000005d5c                I2C_masterSendMultiByteFinish
 .text.IntDefaultHandler
                0x0000000000005df8        0x6 /home/blackfly/ti/simplelink_msp432p4_sdk_2_10_00_14/source/ti/devices/msp432p4xx/driverlib/gcc/msp432p4xx_driverlib.a(interrupt_MSP432P4XX.obj)
 *fill*         0x0000000000005dfe        0x2 
 .text.Interrupt_registerInterrupt
                0x0000000000005e00       0x64 /home/blackfly/ti/simplelink_msp432p4_sdk_2_10_00_14/source/ti/devices/msp432p4xx/driverlib/gcc/msp432p4xx_driverlib.a(interrupt_MSP432P4XX.obj)
                0x0000000000005e00                Interrupt_registerInterrupt
 .text.Interrupt_unregisterInterrupt
                0x0000000000005e64       0x28 /home/blackfly/ti/simplelink_msp432p4_sdk_2_10_00_14/source/ti/devices/msp432p4xx/driverlib/gcc/msp432p4xx_driverlib.a(interrupt_MSP432P4XX.obj)
                0x0000000000005e64                Interrupt_unregisterInterrupt
 .text.Interrupt_setPriority
                0x0000000000005e8c       0x68 /home/blackfly/ti/simplelink_msp432p4_sdk_2_10_00_14/source/ti/devices/msp432p4xx/driverlib/gcc/msp432p4xx_driverlib.a(interrupt_MSP432P4XX.obj)
                0x0000000000005e8c                Interrupt_setPriority
 .text.Interrupt_enableInterrupt
                0x0000000000005ef4       0x94 /home/blackfly/ti/simplelink_msp432p4_sdk_2_10_00_14/source/ti/devices/msp432p4xx/driverlib/gcc/msp432p4xx_driverlib.a(interrupt_MSP432P4XX.obj)
                0x0000000000005ef4                Interrupt_enableInterrupt
 .text.Interrupt_disableInterrupt
                0x0000000000005f88       0x94 /home/blackfly/ti/simplelink_msp432p4_sdk_2_10_00_14/source/ti/devices/msp432p4xx/driverlib/gcc/msp432p4xx_driverlib.a(interrupt_MSP432P4XX.obj)
                0x0000000000005f88                Interrupt_disableInterrupt
 .text.SysCtl_getNMISourceStatus
                0x000000000000601c       0x1c /home/blackfly/ti/simplelink_msp432p4_sdk_2_10_00_14/source/ti/devices/msp432p4xx/driverlib/gcc/msp432p4xx_driverlib.a(sysctl_MSP432P4XX.obj)
                0x000000000000601c                SysCtl_getNMISourceStatus
 .text.SysCtl_A_getTLVInfo
                0x0000000000006038       0xa8 /home/blackfly/ti/simplelink_msp432p4_sdk_2_10_00_14/source/ti/devices/msp432p4xx/driverlib/gcc/msp432p4xx_driverlib.a(sysctl_a_MSP432P4XX.obj)
                0x0000000000006038                SysCtl_A_getTLVInfo
 .text.SysCtl_A_disableNMISource
                0x00000000000060e0       0x28 /home/blackfly/ti/simplelink_msp432p4_sdk_2_10_00_14/source/ti/devices/msp432p4xx/driverlib/gcc/msp432p4xx_driverlib.a(sysctl_a_MSP432P4XX.obj)
                0x00000000000060e0                SysCtl_A_disableNMISource
 .text.SysCtl_A_enableNMISource
                0x0000000000006108       0x24 /home/blackfly/ti/simplelink_msp432p4_sdk_2_10_00_14/source/ti/devices/msp432p4xx/driverlib/gcc/msp432p4xx_driverlib.a(sysctl_a_MSP432P4XX.obj)
                0x0000000000006108                SysCtl_A_enableNMISource
 .text.SysCtl_A_getNMISourceStatus
                0x000000000000612c       0x1c /home/blackfly/ti/simplelink_msp432p4_sdk_2_10_00_14/source/ti/devices/msp432p4xx/driverlib/gcc/msp432p4xx_driverlib.a(sysctl_a_MSP432P4XX.obj)
                0x000000000000612c                SysCtl_A_getNMISourceStatus
 .text.memcpy   0x0000000000006148       0x16 /home/blackfly/ti/ccsv8/tools/compiler/gcc-arm-none-eabi-7-2017-q4-major/arm-none-eabi/lib/thumb/v7e-m/fpv4-sp/hard/libc_nano.a(lib_a-memcpy-stub.o)
                0x0000000000006148                memcpy
 .text.memset   0x000000000000615e       0x10 /home/blackfly/ti/ccsv8/tools/compiler/gcc-arm-none-eabi-7-2017-q4-major/arm-none-eabi/lib/thumb/v7e-m/fpv4-sp/hard/libc_nano.a(lib_a-memset.o)
                0x000000000000615e                memset
 .text.cleanup_glue
                0x000000000000616e       0x1a /home/blackfly/ti/ccsv8/tools/compiler/gcc-arm-none-eabi-7-2017-q4-major/arm-none-eabi/lib/thumb/v7e-m/fpv4-sp/hard/libc_nano.a(lib_a-reent.o)
                0x000000000000616e                cleanup_glue
 .text._reclaim_reent
                0x0000000000006188       0xb8 /home/blackfly/ti/ccsv8/tools/compiler/gcc-arm-none-eabi-7-2017-q4-major/arm-none-eabi/lib/thumb/v7e-m/fpv4-sp/hard/libc_nano.a(lib_a-reent.o)
                0x0000000000006188                _reclaim_reent
 .text.__malloc_lock
                0x0000000000006240        0x2 /home/blackfly/ti/ccsv8/tools/compiler/gcc-arm-none-eabi-7-2017-q4-major/arm-none-eabi/lib/thumb/v7e-m/fpv4-sp/hard/libc_nano.a(lib_a-mlock.o)
                0x0000000000006240                __malloc_lock
 .text.__malloc_unlock
                0x0000000000006242        0x2 /home/blackfly/ti/ccsv8/tools/compiler/gcc-arm-none-eabi-7-2017-q4-major/arm-none-eabi/lib/thumb/v7e-m/fpv4-sp/hard/libc_nano.a(lib_a-mlock.o)
                0x0000000000006242                __malloc_unlock
 .text._free_r  0x0000000000006244       0x9c /home/blackfly/ti/ccsv8/tools/compiler/gcc-arm-none-eabi-7-2017-q4-major/arm-none-eabi/lib/thumb/v7e-m/fpv4-sp/hard/libc_nano.a(lib_a-nano-freer.o)
                0x0000000000006244                _free_r
                0x00000000000062e0                . = ALIGN (0x4)
 *(.ctors)
                0x00000000000062e0                . = ALIGN (0x4)
 *(.dtors)
                0x00000000000062e0                . = ALIGN (0x4)
                0x00000000000062e0                __init_array_start = .
 *(.init_array*)
                0x00000000000062e0                __init_array_end = .
 *(.init)
 *(.fini*)

.glue_7         0x00000000000062e0        0x0
 .glue_7        0x00000000000062e0        0x0 linker stubs

.glue_7t        0x00000000000062e0        0x0
 .glue_7t       0x00000000000062e0        0x0 linker stubs

.vfp11_veneer   0x00000000000062e0        0x0
 .vfp11_veneer  0x00000000000062e0        0x0 linker stubs

.v4_bx          0x00000000000062e0        0x0
 .v4_bx         0x00000000000062e0        0x0 linker stubs

.iplt           0x00000000000062e0        0x0
 .iplt          0x00000000000062e0        0x0 ./MSP_EXP432P401R.o

.rodata         0x00000000000062e0      0x1b4
 *(.rodata)
 .rodata        0x00000000000062e0        0xd ./main_freertos.o
 *fill*         0x00000000000062ed        0x3 
 .rodata        0x00000000000062f0        0x5 /mnt/sda4/Projects/MSP432/freertos_builds_MSP_EXP432P401R_release_gcc/Debug/libfreertos_builds_MSP_EXP432P401R_release_gcc.a(tasks.o)
 *fill*         0x00000000000062f5        0x3 
 .rodata        0x00000000000062f8        0x8 /mnt/sda4/Projects/MSP432/freertos_builds_MSP_EXP432P401R_release_gcc/Debug/libfreertos_builds_MSP_EXP432P401R_release_gcc.a(timers.o)
 *(.rodata.*)
 .rodata.GPIOMSP432_config
                0x0000000000006300       0x14 ./MSP_EXP432P401R.o
                0x0000000000006300                GPIOMSP432_config
 .rodata.i2cMSP432HWAttrs
                0x0000000000006314       0x28 ./MSP_EXP432P401R.o
                0x0000000000006314                i2cMSP432HWAttrs
 .rodata.I2C_config
                0x000000000000633c       0x18 ./MSP_EXP432P401R.o
                0x000000000000633c                I2C_config
 .rodata.I2C_count
                0x0000000000006354        0x1 ./MSP_EXP432P401R.o
                0x0000000000006354                I2C_count
 *fill*         0x0000000000006355        0x3 
 .rodata.PowerMSP432_config
                0x0000000000006358       0x38 ./MSP_EXP432P401R.o
                0x0000000000006358                PowerMSP432_config
 .rodata.interruptType
                0x0000000000006390        0x6 /home/blackfly/ti/simplelink_msp432p4_sdk_2_10_00_14/source/ti/drivers/lib/drivers_msp432p401x.am4fg(GPIOMSP432.om4fg)
 *fill*         0x0000000000006396        0x2 
 .rodata.portInterruptIds
                0x0000000000006398        0x6 /home/blackfly/ti/simplelink_msp432p4_sdk_2_10_00_14/source/ti/drivers/lib/drivers_msp432p401x.am4fg(GPIOMSP432.om4fg)
 *fill*         0x000000000000639e        0x2 
 .rodata.I2C_defaultParams
                0x00000000000063a0       0x10 /home/blackfly/ti/simplelink_msp432p4_sdk_2_10_00_14/source/ti/drivers/lib/drivers_msp432p401x.am4fg(I2C.om4fg)
                0x00000000000063a0                I2C_defaultParams
 .rodata.I2CMSP432_fxnTable
                0x00000000000063b0       0x18 /home/blackfly/ti/simplelink_msp432p4_sdk_2_10_00_14/source/ti/drivers/lib/drivers_msp432p401x.am4fg(I2CMSP432.om4fg)
                0x00000000000063b0                I2CMSP432_fxnTable
 .rodata.bitRates
                0x00000000000063c8        0xc /home/blackfly/ti/simplelink_msp432p4_sdk_2_10_00_14/source/ti/drivers/lib/drivers_msp432p401x.am4fg(I2CMSP432.om4fg)
 .rodata.g_pulRegs
                0x00000000000063d4       0x50 /home/blackfly/ti/simplelink_msp432p4_sdk_2_10_00_14/source/ti/devices/msp432p4xx/driverlib/gcc/msp432p4xx_driverlib.a(interrupt_MSP432P4XX.obj)
 .rodata.g_pulEnRegs
                0x0000000000006424        0x8 /home/blackfly/ti/simplelink_msp432p4_sdk_2_10_00_14/source/ti/devices/msp432p4xx/driverlib/gcc/msp432p4xx_driverlib.a(interrupt_MSP432P4XX.obj)
 .rodata.g_pulDisRegs
                0x000000000000642c        0x8 /home/blackfly/ti/simplelink_msp432p4_sdk_2_10_00_14/source/ti/devices/msp432p4xx/driverlib/gcc/msp432p4xx_driverlib.a(interrupt_MSP432P4XX.obj)
 .rodata.__sf_fake_stderr
                0x0000000000006434       0x20 /home/blackfly/ti/ccsv8/tools/compiler/gcc-arm-none-eabi-7-2017-q4-major/arm-none-eabi/lib/thumb/v7e-m/fpv4-sp/hard/libc_nano.a(lib_a-findfp.o)
                0x0000000000006434                __sf_fake_stderr
 .rodata.__sf_fake_stdin
                0x0000000000006454       0x20 /home/blackfly/ti/ccsv8/tools/compiler/gcc-arm-none-eabi-7-2017-q4-major/arm-none-eabi/lib/thumb/v7e-m/fpv4-sp/hard/libc_nano.a(lib_a-findfp.o)
                0x0000000000006454                __sf_fake_stdin
 .rodata.__sf_fake_stdout
                0x0000000000006474       0x20 /home/blackfly/ti/ccsv8/tools/compiler/gcc-arm-none-eabi-7-2017-q4-major/arm-none-eabi/lib/thumb/v7e-m/fpv4-sp/hard/libc_nano.a(lib_a-findfp.o)
                0x0000000000006474                __sf_fake_stdout

.ARM.exidx      0x0000000000006494        0x8
                0x0000000000006494                __exidx_start = .
 *(.ARM.exidx* .gnu.linkonce.armexidx.*)
 .ARM.exidx     0x0000000000006494        0x8 /home/blackfly/ti/ccsv8/tools/compiler/gcc-arm-none-eabi-7-2017-q4-major/bin/../lib/gcc/arm-none-eabi/7.2.1/thumb/v7e-m/fpv4-sp/hard/libgcc.a(_udivmoddi4.o)
                0x000000000000649c                __exidx_end = .

.rel.dyn        0x000000000000649c        0x0
 .rel.iplt      0x000000000000649c        0x0 ./MSP_EXP432P401R.o

.ARM.extab
 *(.ARM.extab* .gnu.linkonce.armextab.*)
                0x000000000000649c                __etext = .

.data           0x0000000020000000      0x2a0 load address 0x000000000000649c
                0x000000000000649c                __data_load__ = LOADADDR (.data)
                0x0000000020000000                __data_start__ = .
 *(.data)
 .data          0x0000000020000000        0x0 ./MSP_EXP432P401R.o
 .data          0x0000000020000000        0x0 ./main_freertos.o
 .data          0x0000000020000000        0x0 ./freertos/ssd1306_freertos.o
 .data          0x0000000020000000        0x0 /home/blackfly/ti/simplelink_msp432p4_sdk_2_10_00_14/source/ti/display/lib/display.am4fg(DisplayUart.om4fg)
 .data          0x0000000020000000        0x0 /home/blackfly/ti/simplelink_msp432p4_sdk_2_10_00_14/source/ti/drivers/lib/drivers_msp432p401x.am4fg(SDSPI.om4fg)
 .data          0x0000000020000000        0x0 /home/blackfly/ti/simplelink_msp432p4_sdk_2_10_00_14/source/ti/drivers/lib/drivers_msp432p401x.am4fg(ADCMSP432.om4fg)
 .data          0x0000000020000000        0x0 /home/blackfly/ti/simplelink_msp432p4_sdk_2_10_00_14/source/ti/drivers/lib/drivers_msp432p401x.am4fg(ADCBufMSP432.om4fg)
 .data          0x0000000020000000        0x0 /home/blackfly/ti/simplelink_msp432p4_sdk_2_10_00_14/source/ti/drivers/lib/drivers_msp432p401x.am4fg(CaptureMSP432.om4fg)
 .data          0x0000000020000000        0x0 /home/blackfly/ti/simplelink_msp432p4_sdk_2_10_00_14/source/ti/drivers/lib/drivers_msp432p401x.am4fg(UDMAMSP432.om4fg)
 .data          0x0000000020000000        0x0 /home/blackfly/ti/simplelink_msp432p4_sdk_2_10_00_14/source/ti/drivers/lib/drivers_msp432p401x.am4fg(GPIOMSP432.om4fg)
 .data          0x0000000020000000        0x0 /home/blackfly/ti/simplelink_msp432p4_sdk_2_10_00_14/source/ti/drivers/lib/drivers_msp432p401x.am4fg(I2C.om4fg)
 .data          0x0000000020000000        0x0 /home/blackfly/ti/simplelink_msp432p4_sdk_2_10_00_14/source/ti/drivers/lib/drivers_msp432p401x.am4fg(I2CMSP432.om4fg)
 .data          0x0000000020000000        0x0 /home/blackfly/ti/simplelink_msp432p4_sdk_2_10_00_14/source/ti/drivers/lib/drivers_msp432p401x.am4fg(I2CSlaveMSP432.om4fg)
 .data          0x0000000020000000        0x0 /home/blackfly/ti/simplelink_msp432p4_sdk_2_10_00_14/source/ti/drivers/lib/drivers_msp432p401x.am4fg(NVSMSP432.om4fg)
 .data          0x0000000020000000        0x0 /home/blackfly/ti/simplelink_msp432p4_sdk_2_10_00_14/source/ti/drivers/lib/drivers_msp432p401x.am4fg(PowerMSP432.om4fg)
 .data          0x0000000020000000        0x0 /home/blackfly/ti/simplelink_msp432p4_sdk_2_10_00_14/source/ti/drivers/lib/drivers_msp432p401x.am4fg(PWMTimerMSP432.om4fg)
 .data          0x0000000020000000        0x0 /home/blackfly/ti/simplelink_msp432p4_sdk_2_10_00_14/source/ti/drivers/lib/drivers_msp432p401x.am4fg(SPI.om4fg)
 .data          0x0000000020000000        0x0 /home/blackfly/ti/simplelink_msp432p4_sdk_2_10_00_14/source/ti/drivers/lib/drivers_msp432p401x.am4fg(SPIMSP432DMA.om4fg)
 .data          0x0000000020000000        0x0 /home/blackfly/ti/simplelink_msp432p4_sdk_2_10_00_14/source/ti/drivers/lib/drivers_msp432p401x.am4fg(TimerMSP432.om4fg)
 .data          0x0000000020000000        0x0 /home/blackfly/ti/simplelink_msp432p4_sdk_2_10_00_14/source/ti/drivers/lib/drivers_msp432p401x.am4fg(UART.om4fg)
 .data          0x0000000020000000        0x0 /home/blackfly/ti/simplelink_msp432p4_sdk_2_10_00_14/source/ti/drivers/lib/drivers_msp432p401x.am4fg(UARTMSP432.om4fg)
 .data          0x0000000020000000        0x0 /home/blackfly/ti/simplelink_msp432p4_sdk_2_10_00_14/source/ti/drivers/lib/drivers_msp432p401x.am4fg(WatchdogMSP432.om4fg)
 .data          0x0000000020000000        0x0 /home/blackfly/ti/simplelink_msp432p4_sdk_2_10_00_14/source/ti/drivers/lib/drivers_msp432p401x.am4fg(List.om4fg)
 .data          0x0000000020000000        0x0 /home/blackfly/ti/simplelink_msp432p4_sdk_2_10_00_14/source/ti/drivers/lib/drivers_msp432p401x.am4fg(RingBuf.om4fg)
 .data          0x0000000020000000        0x0 /home/blackfly/ti/simplelink_msp432p4_sdk_2_10_00_14/source/ti/drivers/lib/drivers_msp432p401x.am4fg(ADCBuf.om4fg)
 .data          0x0000000020000000        0x0 /mnt/sda4/Projects/MSP432/freertos_builds_MSP_EXP432P401R_release_gcc/Debug/libfreertos_builds_MSP_EXP432P401R_release_gcc.a(ClockP_freertos.o)
 .data          0x0000000020000000        0x0 /mnt/sda4/Projects/MSP432/freertos_builds_MSP_EXP432P401R_release_gcc/Debug/libfreertos_builds_MSP_EXP432P401R_release_gcc.a(HwiPMSP432_freertos.o)
 .data          0x0000000020000000        0x0 /mnt/sda4/Projects/MSP432/freertos_builds_MSP_EXP432P401R_release_gcc/Debug/libfreertos_builds_MSP_EXP432P401R_release_gcc.a(PowerMSP432_freertos.o)
 .data          0x0000000020000000        0x0 /mnt/sda4/Projects/MSP432/freertos_builds_MSP_EXP432P401R_release_gcc/Debug/libfreertos_builds_MSP_EXP432P401R_release_gcc.a(SemaphoreP_freertos.o)
 .data          0x0000000020000000        0x0 /mnt/sda4/Projects/MSP432/freertos_builds_MSP_EXP432P401R_release_gcc/Debug/libfreertos_builds_MSP_EXP432P401R_release_gcc.a(SystemP_freertos.o)
 .data          0x0000000020000000        0x0 /mnt/sda4/Projects/MSP432/freertos_builds_MSP_EXP432P401R_release_gcc/Debug/libfreertos_builds_MSP_EXP432P401R_release_gcc.a(heap_4.o)
 .data          0x0000000020000000        0x0 /mnt/sda4/Projects/MSP432/freertos_builds_MSP_EXP432P401R_release_gcc/Debug/libfreertos_builds_MSP_EXP432P401R_release_gcc.a(queue.o)
 .data          0x0000000020000000        0x0 /mnt/sda4/Projects/MSP432/freertos_builds_MSP_EXP432P401R_release_gcc/Debug/libfreertos_builds_MSP_EXP432P401R_release_gcc.a(tasks.o)
 .data          0x0000000020000000        0x0 /mnt/sda4/Projects/MSP432/freertos_builds_MSP_EXP432P401R_release_gcc/Debug/libfreertos_builds_MSP_EXP432P401R_release_gcc.a(timers.o)
 .data          0x0000000020000000        0x0 /mnt/sda4/Projects/MSP432/freertos_builds_MSP_EXP432P401R_release_gcc/Debug/libfreertos_builds_MSP_EXP432P401R_release_gcc.a(port.o)
 .data          0x0000000020000000        0x0 /mnt/sda4/Projects/MSP432/freertos_builds_MSP_EXP432P401R_release_gcc/Debug/libfreertos_builds_MSP_EXP432P401R_release_gcc.a(startup_msp432_gcc.o)
 .data          0x0000000020000000        0x0 /mnt/sda4/Projects/MSP432/freertos_builds_MSP_EXP432P401R_release_gcc/Debug/libfreertos_builds_MSP_EXP432P401R_release_gcc.a(sleep.o)
 .data          0x0000000020000000        0x0 /mnt/sda4/Projects/MSP432/freertos_builds_MSP_EXP432P401R_release_gcc/Debug/libfreertos_builds_MSP_EXP432P401R_release_gcc.a(list.o)
 .data          0x0000000020000000        0x0 /home/blackfly/ti/simplelink_msp432p4_sdk_2_10_00_14/source/ti/devices/msp432p4xx/driverlib/gcc/msp432p4xx_driverlib.a(cpu_MSP432P4XX.obj)
 .data          0x0000000020000000        0x0 /home/blackfly/ti/simplelink_msp432p4_sdk_2_10_00_14/source/ti/devices/msp432p4xx/driverlib/gcc/msp432p4xx_driverlib.a(cs_MSP432P4XX.obj)
 .data          0x0000000020000000        0x0 /home/blackfly/ti/simplelink_msp432p4_sdk_2_10_00_14/source/ti/devices/msp432p4xx/driverlib/gcc/msp432p4xx_driverlib.a(dma_MSP432P4XX.obj)
 .data          0x0000000020000000        0x0 /home/blackfly/ti/simplelink_msp432p4_sdk_2_10_00_14/source/ti/devices/msp432p4xx/driverlib/gcc/msp432p4xx_driverlib.a(gpio_MSP432P4XX.obj)
 .data          0x0000000020000000        0x0 /home/blackfly/ti/simplelink_msp432p4_sdk_2_10_00_14/source/ti/devices/msp432p4xx/driverlib/gcc/msp432p4xx_driverlib.a(i2c_MSP432P4XX.obj)
 .data          0x0000000020000000        0x0 /home/blackfly/ti/simplelink_msp432p4_sdk_2_10_00_14/source/ti/devices/msp432p4xx/driverlib/gcc/msp432p4xx_driverlib.a(interrupt_MSP432P4XX.obj)
 .data          0x0000000020000000        0x0 /home/blackfly/ti/simplelink_msp432p4_sdk_2_10_00_14/source/ti/devices/msp432p4xx/driverlib/gcc/msp432p4xx_driverlib.a(spi_MSP432P4XX.obj)
 .data          0x0000000020000000        0x0 /home/blackfly/ti/simplelink_msp432p4_sdk_2_10_00_14/source/ti/devices/msp432p4xx/driverlib/gcc/msp432p4xx_driverlib.a(sysctl_MSP432P4XX.obj)
 .data          0x0000000020000000        0x0 /home/blackfly/ti/simplelink_msp432p4_sdk_2_10_00_14/source/ti/devices/msp432p4xx/driverlib/gcc/msp432p4xx_driverlib.a(sysctl_a_MSP432P4XX.obj)
 .data          0x0000000020000000        0x0 /home/blackfly/ti/simplelink_msp432p4_sdk_2_10_00_14/source/ti/devices/msp432p4xx/driverlib/gcc/msp432p4xx_driverlib.a(timer_a_MSP432P4XX.obj)
 .data          0x0000000020000000        0x0 /home/blackfly/ti/ccsv8/tools/compiler/gcc-arm-none-eabi-7-2017-q4-major/bin/../lib/gcc/arm-none-eabi/7.2.1/thumb/v7e-m/fpv4-sp/hard/libgcc.a(_arm_addsubdf3.o)
 .data          0x0000000020000000        0x0 /home/blackfly/ti/ccsv8/tools/compiler/gcc-arm-none-eabi-7-2017-q4-major/bin/../lib/gcc/arm-none-eabi/7.2.1/thumb/v7e-m/fpv4-sp/hard/libgcc.a(_arm_muldivdf3.o)
 .data          0x0000000020000000        0x0 /home/blackfly/ti/ccsv8/tools/compiler/gcc-arm-none-eabi-7-2017-q4-major/bin/../lib/gcc/arm-none-eabi/7.2.1/thumb/v7e-m/fpv4-sp/hard/libgcc.a(_arm_cmpdf2.o)
 .data          0x0000000020000000        0x0 /home/blackfly/ti/ccsv8/tools/compiler/gcc-arm-none-eabi-7-2017-q4-major/bin/../lib/gcc/arm-none-eabi/7.2.1/thumb/v7e-m/fpv4-sp/hard/libgcc.a(_arm_fixdfsi.o)
 .data          0x0000000020000000        0x0 /home/blackfly/ti/ccsv8/tools/compiler/gcc-arm-none-eabi-7-2017-q4-major/bin/../lib/gcc/arm-none-eabi/7.2.1/thumb/v7e-m/fpv4-sp/hard/libgcc.a(_arm_fixunsdfsi.o)
 .data          0x0000000020000000        0x0 /home/blackfly/ti/ccsv8/tools/compiler/gcc-arm-none-eabi-7-2017-q4-major/bin/../lib/gcc/arm-none-eabi/7.2.1/thumb/v7e-m/fpv4-sp/hard/libgcc.a(_aeabi_uldivmod.o)
 .data          0x0000000020000000        0x0 /home/blackfly/ti/ccsv8/tools/compiler/gcc-arm-none-eabi-7-2017-q4-major/bin/../lib/gcc/arm-none-eabi/7.2.1/thumb/v7e-m/fpv4-sp/hard/libgcc.a(_udivmoddi4.o)
 .data          0x0000000020000000        0x0 /home/blackfly/ti/ccsv8/tools/compiler/gcc-arm-none-eabi-7-2017-q4-major/bin/../lib/gcc/arm-none-eabi/7.2.1/thumb/v7e-m/fpv4-sp/hard/libgcc.a(_dvmd_tls.o)
 .data          0x0000000020000000        0x0 /home/blackfly/ti/ccsv8/tools/compiler/gcc-arm-none-eabi-7-2017-q4-major/arm-none-eabi/lib/thumb/v7e-m/fpv4-sp/hard/libc_nano.a(lib_a-errno.o)
 .data          0x0000000020000000        0x0 /home/blackfly/ti/ccsv8/tools/compiler/gcc-arm-none-eabi-7-2017-q4-major/arm-none-eabi/lib/thumb/v7e-m/fpv4-sp/hard/libc_nano.a(lib_a-findfp.o)
 .data          0x0000000020000000        0x0 /home/blackfly/ti/ccsv8/tools/compiler/gcc-arm-none-eabi-7-2017-q4-major/arm-none-eabi/lib/thumb/v7e-m/fpv4-sp/hard/libc_nano.a(lib_a-fwalk.o)
 .data          0x0000000020000000        0x0 /home/blackfly/ti/ccsv8/tools/compiler/gcc-arm-none-eabi-7-2017-q4-major/arm-none-eabi/lib/thumb/v7e-m/fpv4-sp/hard/libc_nano.a(lib_a-impure.o)
 .data          0x0000000020000000        0x0 /home/blackfly/ti/ccsv8/tools/compiler/gcc-arm-none-eabi-7-2017-q4-major/arm-none-eabi/lib/thumb/v7e-m/fpv4-sp/hard/libc_nano.a(lib_a-memcpy-stub.o)
 .data          0x0000000020000000        0x0 /home/blackfly/ti/ccsv8/tools/compiler/gcc-arm-none-eabi-7-2017-q4-major/arm-none-eabi/lib/thumb/v7e-m/fpv4-sp/hard/libc_nano.a(lib_a-memset.o)
 .data          0x0000000020000000        0x0 /home/blackfly/ti/ccsv8/tools/compiler/gcc-arm-none-eabi-7-2017-q4-major/arm-none-eabi/lib/thumb/v7e-m/fpv4-sp/hard/libc_nano.a(lib_a-nano-mallocr.o)
 .data          0x0000000020000000        0x0 /home/blackfly/ti/ccsv8/tools/compiler/gcc-arm-none-eabi-7-2017-q4-major/arm-none-eabi/lib/thumb/v7e-m/fpv4-sp/hard/libc_nano.a(lib_a-reent.o)
 .data          0x0000000020000000        0x0 /home/blackfly/ti/ccsv8/tools/compiler/gcc-arm-none-eabi-7-2017-q4-major/arm-none-eabi/lib/thumb/v7e-m/fpv4-sp/hard/libc_nano.a(lib_a-sbrkr.o)
 .data          0x0000000020000000        0x0 /home/blackfly/ti/ccsv8/tools/compiler/gcc-arm-none-eabi-7-2017-q4-major/arm-none-eabi/lib/thumb/v7e-m/fpv4-sp/hard/libc_nano.a(lib_a-stdio.o)
 .data          0x0000000020000000        0x0 /home/blackfly/ti/ccsv8/tools/compiler/gcc-arm-none-eabi-7-2017-q4-major/arm-none-eabi/lib/thumb/v7e-m/fpv4-sp/hard/libc_nano.a(lib_a-strlen.o)
 .data          0x0000000020000000        0x0 /home/blackfly/ti/ccsv8/tools/compiler/gcc-arm-none-eabi-7-2017-q4-major/arm-none-eabi/lib/thumb/v7e-m/fpv4-sp/hard/libc_nano.a(lib_a-writer.o)
 .data          0x0000000020000000        0x0 /home/blackfly/ti/ccsv8/tools/compiler/gcc-arm-none-eabi-7-2017-q4-major/arm-none-eabi/lib/thumb/v7e-m/fpv4-sp/hard/libc_nano.a(lib_a-closer.o)
 .data          0x0000000020000000        0x0 /home/blackfly/ti/ccsv8/tools/compiler/gcc-arm-none-eabi-7-2017-q4-major/arm-none-eabi/lib/thumb/v7e-m/fpv4-sp/hard/libc_nano.a(lib_a-fflush.o)
 .data          0x0000000020000000        0x0 /home/blackfly/ti/ccsv8/tools/compiler/gcc-arm-none-eabi-7-2017-q4-major/arm-none-eabi/lib/thumb/v7e-m/fpv4-sp/hard/libc_nano.a(lib_a-lseekr.o)
 .data          0x0000000020000000        0x0 /home/blackfly/ti/ccsv8/tools/compiler/gcc-arm-none-eabi-7-2017-q4-major/arm-none-eabi/lib/thumb/v7e-m/fpv4-sp/hard/libc_nano.a(lib_a-mlock.o)
 .data          0x0000000020000000        0x0 /home/blackfly/ti/ccsv8/tools/compiler/gcc-arm-none-eabi-7-2017-q4-major/arm-none-eabi/lib/thumb/v7e-m/fpv4-sp/hard/libc_nano.a(lib_a-nano-freer.o)
 .data          0x0000000020000000        0x0 /home/blackfly/ti/ccsv8/tools/compiler/gcc-arm-none-eabi-7-2017-q4-major/arm-none-eabi/lib/thumb/v7e-m/fpv4-sp/hard/libc_nano.a(lib_a-readr.o)
 .data          0x0000000020000000        0x0 /home/blackfly/ti/ccsv8/tools/compiler/gcc-arm-none-eabi-7-2017-q4-major/arm-none-eabi/lib/thumb/v7e-m/fpv4-sp/hard/libnosys.a(close.o)
 .data          0x0000000020000000        0x0 /home/blackfly/ti/ccsv8/tools/compiler/gcc-arm-none-eabi-7-2017-q4-major/arm-none-eabi/lib/thumb/v7e-m/fpv4-sp/hard/libnosys.a(lseek.o)
 .data          0x0000000020000000        0x0 /home/blackfly/ti/ccsv8/tools/compiler/gcc-arm-none-eabi-7-2017-q4-major/arm-none-eabi/lib/thumb/v7e-m/fpv4-sp/hard/libnosys.a(read.o)
 .data          0x0000000020000000        0x0 /home/blackfly/ti/ccsv8/tools/compiler/gcc-arm-none-eabi-7-2017-q4-major/arm-none-eabi/lib/thumb/v7e-m/fpv4-sp/hard/libnosys.a(sbrk.o)
 .data          0x0000000020000000        0x0 /home/blackfly/ti/ccsv8/tools/compiler/gcc-arm-none-eabi-7-2017-q4-major/arm-none-eabi/lib/thumb/v7e-m/fpv4-sp/hard/libnosys.a(write.o)
 *(.data*)
 .data.adcBuf0MSP432Channels
                0x0000000020000000       0x60 ./MSP_EXP432P401R.o
                0x0000000020000000                adcBuf0MSP432Channels
 .data.gpioPinConfigs
                0x0000000020000060       0x30 ./MSP_EXP432P401R.o
                0x0000000020000060                gpioPinConfigs
 .data.captureModeConfig
                0x0000000020000090       0x18 /home/blackfly/ti/simplelink_msp432p4_sdk_2_10_00_14/source/ti/drivers/lib/drivers_msp432p401x.am4fg(CaptureMSP432.om4fg)
 .data.continuousModeConfig
                0x00000000200000a8       0x10 /home/blackfly/ti/simplelink_msp432p4_sdk_2_10_00_14/source/ti/drivers/lib/drivers_msp432p401x.am4fg(CaptureMSP432.om4fg)
 .data.PowerMSP432_module
                0x00000000200000b8       0x2c /home/blackfly/ti/simplelink_msp432p4_sdk_2_10_00_14/source/ti/drivers/lib/drivers_msp432p401x.am4fg(PowerMSP432.om4fg)
                0x00000000200000b8                PowerMSP432_module
 .data.PowerMSP432_perfLevels
                0x00000000200000e4      0x130 /home/blackfly/ti/simplelink_msp432p4_sdk_2_10_00_14/source/ti/drivers/lib/drivers_msp432p401x.am4fg(PowerMSP432.om4fg)
                0x00000000200000e4                PowerMSP432_perfLevels
 .data.upConfig
                0x0000000020000214       0x18 /home/blackfly/ti/simplelink_msp432p4_sdk_2_10_00_14/source/ti/drivers/lib/drivers_msp432p401x.am4fg(TimerMSP432.om4fg)
 .data.ticksToWait
                0x000000002000022c        0x4 /mnt/sda4/Projects/MSP432/freertos_builds_MSP_EXP432P401R_release_gcc/Debug/libfreertos_builds_MSP_EXP432P401R_release_gcc.a(ClockP_freertos.o)
 .data.HwiP_nvic
                0x0000000020000230        0x4 /mnt/sda4/Projects/MSP432/freertos_builds_MSP_EXP432P401R_release_gcc/Debug/libfreertos_builds_MSP_EXP432P401R_release_gcc.a(HwiPMSP432_freertos.o)
 .data.uxCriticalNesting
                0x0000000020000234        0x4 /mnt/sda4/Projects/MSP432/freertos_builds_MSP_EXP432P401R_release_gcc/Debug/libfreertos_builds_MSP_EXP432P401R_release_gcc.a(port.o)
 .data.__dso_handle
                0x0000000020000238        0x4 /mnt/sda4/Projects/MSP432/freertos_builds_MSP_EXP432P401R_release_gcc/Debug/libfreertos_builds_MSP_EXP432P401R_release_gcc.a(startup_msp432_gcc.o)
                0x0000000020000238                __dso_handle
 .data._impure_ptr
                0x000000002000023c        0x4 /home/blackfly/ti/ccsv8/tools/compiler/gcc-arm-none-eabi-7-2017-q4-major/arm-none-eabi/lib/thumb/v7e-m/fpv4-sp/hard/libc_nano.a(lib_a-impure.o)
                0x000000002000023c                _impure_ptr
 .data.impure_data
                0x0000000020000240       0x60 /home/blackfly/ti/ccsv8/tools/compiler/gcc-arm-none-eabi-7-2017-q4-major/arm-none-eabi/lib/thumb/v7e-m/fpv4-sp/hard/libc_nano.a(lib_a-impure.o)
                0x00000000200002a0                . = ALIGN (0x4)
                0x00000000200002a0                __data_end__ = .

.igot.plt       0x00000000200002a0        0x0 load address 0x000000000000673c
 .igot.plt      0x00000000200002a0        0x0 ./MSP_EXP432P401R.o

vtable          0x0000000020000400       0xe8 load address 0x000000000000673c
 vtable         0x0000000020000400       0xe8 /home/blackfly/ti/simplelink_msp432p4_sdk_2_10_00_14/source/ti/devices/msp432p4xx/driverlib/gcc/msp432p4xx_driverlib.a(interrupt_MSP432P4XX.obj)

.nvs
 *(.nvs)

.bss            0x00000000200004e8     0x91d8
                0x00000000200004e8                __bss_start__ = .
 *(.shbss)
 *(.bss)
 .bss           0x00000000200004e8        0x0 ./MSP_EXP432P401R.o
 .bss           0x00000000200004e8        0x0 ./main_freertos.o
 .bss           0x00000000200004e8        0x0 ./freertos/ssd1306_freertos.o
 .bss           0x00000000200004e8        0x0 /home/blackfly/ti/simplelink_msp432p4_sdk_2_10_00_14/source/ti/display/lib/display.am4fg(DisplayUart.om4fg)
 .bss           0x00000000200004e8        0x0 /home/blackfly/ti/simplelink_msp432p4_sdk_2_10_00_14/source/ti/drivers/lib/drivers_msp432p401x.am4fg(SDSPI.om4fg)
 .bss           0x00000000200004e8        0x0 /home/blackfly/ti/simplelink_msp432p4_sdk_2_10_00_14/source/ti/drivers/lib/drivers_msp432p401x.am4fg(ADCMSP432.om4fg)
 .bss           0x00000000200004e8        0x0 /home/blackfly/ti/simplelink_msp432p4_sdk_2_10_00_14/source/ti/drivers/lib/drivers_msp432p401x.am4fg(ADCBufMSP432.om4fg)
 .bss           0x00000000200004e8        0x0 /home/blackfly/ti/simplelink_msp432p4_sdk_2_10_00_14/source/ti/drivers/lib/drivers_msp432p401x.am4fg(CaptureMSP432.om4fg)
 .bss           0x00000000200004e8        0x0 /home/blackfly/ti/simplelink_msp432p4_sdk_2_10_00_14/source/ti/drivers/lib/drivers_msp432p401x.am4fg(UDMAMSP432.om4fg)
 .bss           0x00000000200004e8        0x0 /home/blackfly/ti/simplelink_msp432p4_sdk_2_10_00_14/source/ti/drivers/lib/drivers_msp432p401x.am4fg(GPIOMSP432.om4fg)
 .bss           0x00000000200004e8        0x0 /home/blackfly/ti/simplelink_msp432p4_sdk_2_10_00_14/source/ti/drivers/lib/drivers_msp432p401x.am4fg(I2C.om4fg)
 .bss           0x00000000200004e8        0x0 /home/blackfly/ti/simplelink_msp432p4_sdk_2_10_00_14/source/ti/drivers/lib/drivers_msp432p401x.am4fg(I2CMSP432.om4fg)
 .bss           0x00000000200004e8        0x0 /home/blackfly/ti/simplelink_msp432p4_sdk_2_10_00_14/source/ti/drivers/lib/drivers_msp432p401x.am4fg(I2CSlaveMSP432.om4fg)
 .bss           0x00000000200004e8        0x0 /home/blackfly/ti/simplelink_msp432p4_sdk_2_10_00_14/source/ti/drivers/lib/drivers_msp432p401x.am4fg(NVSMSP432.om4fg)
 .bss           0x00000000200004e8        0x0 /home/blackfly/ti/simplelink_msp432p4_sdk_2_10_00_14/source/ti/drivers/lib/drivers_msp432p401x.am4fg(PowerMSP432.om4fg)
 .bss           0x00000000200004e8        0x0 /home/blackfly/ti/simplelink_msp432p4_sdk_2_10_00_14/source/ti/drivers/lib/drivers_msp432p401x.am4fg(PWMTimerMSP432.om4fg)
 .bss           0x00000000200004e8        0x0 /home/blackfly/ti/simplelink_msp432p4_sdk_2_10_00_14/source/ti/drivers/lib/drivers_msp432p401x.am4fg(SPI.om4fg)
 .bss           0x00000000200004e8        0x0 /home/blackfly/ti/simplelink_msp432p4_sdk_2_10_00_14/source/ti/drivers/lib/drivers_msp432p401x.am4fg(SPIMSP432DMA.om4fg)
 .bss           0x00000000200004e8        0x0 /home/blackfly/ti/simplelink_msp432p4_sdk_2_10_00_14/source/ti/drivers/lib/drivers_msp432p401x.am4fg(TimerMSP432.om4fg)
 .bss           0x00000000200004e8        0x0 /home/blackfly/ti/simplelink_msp432p4_sdk_2_10_00_14/source/ti/drivers/lib/drivers_msp432p401x.am4fg(UART.om4fg)
 .bss           0x00000000200004e8        0x0 /home/blackfly/ti/simplelink_msp432p4_sdk_2_10_00_14/source/ti/drivers/lib/drivers_msp432p401x.am4fg(UARTMSP432.om4fg)
 .bss           0x00000000200004e8        0x0 /home/blackfly/ti/simplelink_msp432p4_sdk_2_10_00_14/source/ti/drivers/lib/drivers_msp432p401x.am4fg(WatchdogMSP432.om4fg)
 .bss           0x00000000200004e8        0x0 /home/blackfly/ti/simplelink_msp432p4_sdk_2_10_00_14/source/ti/drivers/lib/drivers_msp432p401x.am4fg(List.om4fg)
 .bss           0x00000000200004e8        0x0 /home/blackfly/ti/simplelink_msp432p4_sdk_2_10_00_14/source/ti/drivers/lib/drivers_msp432p401x.am4fg(RingBuf.om4fg)
 .bss           0x00000000200004e8        0x0 /home/blackfly/ti/simplelink_msp432p4_sdk_2_10_00_14/source/ti/drivers/lib/drivers_msp432p401x.am4fg(ADCBuf.om4fg)
 .bss           0x00000000200004e8        0x0 /mnt/sda4/Projects/MSP432/freertos_builds_MSP_EXP432P401R_release_gcc/Debug/libfreertos_builds_MSP_EXP432P401R_release_gcc.a(ClockP_freertos.o)
 .bss           0x00000000200004e8        0x0 /mnt/sda4/Projects/MSP432/freertos_builds_MSP_EXP432P401R_release_gcc/Debug/libfreertos_builds_MSP_EXP432P401R_release_gcc.a(HwiPMSP432_freertos.o)
 .bss           0x00000000200004e8        0x0 /mnt/sda4/Projects/MSP432/freertos_builds_MSP_EXP432P401R_release_gcc/Debug/libfreertos_builds_MSP_EXP432P401R_release_gcc.a(PowerMSP432_freertos.o)
 .bss           0x00000000200004e8        0x0 /mnt/sda4/Projects/MSP432/freertos_builds_MSP_EXP432P401R_release_gcc/Debug/libfreertos_builds_MSP_EXP432P401R_release_gcc.a(SemaphoreP_freertos.o)
 .bss           0x00000000200004e8        0x0 /mnt/sda4/Projects/MSP432/freertos_builds_MSP_EXP432P401R_release_gcc/Debug/libfreertos_builds_MSP_EXP432P401R_release_gcc.a(SystemP_freertos.o)
 .bss           0x00000000200004e8        0x0 /mnt/sda4/Projects/MSP432/freertos_builds_MSP_EXP432P401R_release_gcc/Debug/libfreertos_builds_MSP_EXP432P401R_release_gcc.a(heap_4.o)
 .bss           0x00000000200004e8        0x0 /mnt/sda4/Projects/MSP432/freertos_builds_MSP_EXP432P401R_release_gcc/Debug/libfreertos_builds_MSP_EXP432P401R_release_gcc.a(queue.o)
 .bss           0x00000000200004e8        0x0 /mnt/sda4/Projects/MSP432/freertos_builds_MSP_EXP432P401R_release_gcc/Debug/libfreertos_builds_MSP_EXP432P401R_release_gcc.a(tasks.o)
 .bss           0x00000000200004e8        0x0 /mnt/sda4/Projects/MSP432/freertos_builds_MSP_EXP432P401R_release_gcc/Debug/libfreertos_builds_MSP_EXP432P401R_release_gcc.a(timers.o)
 .bss           0x00000000200004e8        0x0 /mnt/sda4/Projects/MSP432/freertos_builds_MSP_EXP432P401R_release_gcc/Debug/libfreertos_builds_MSP_EXP432P401R_release_gcc.a(port.o)
 .bss           0x00000000200004e8        0x0 /mnt/sda4/Projects/MSP432/freertos_builds_MSP_EXP432P401R_release_gcc/Debug/libfreertos_builds_MSP_EXP432P401R_release_gcc.a(startup_msp432_gcc.o)
 .bss           0x00000000200004e8        0x0 /mnt/sda4/Projects/MSP432/freertos_builds_MSP_EXP432P401R_release_gcc/Debug/libfreertos_builds_MSP_EXP432P401R_release_gcc.a(sleep.o)
 .bss           0x00000000200004e8        0x0 /mnt/sda4/Projects/MSP432/freertos_builds_MSP_EXP432P401R_release_gcc/Debug/libfreertos_builds_MSP_EXP432P401R_release_gcc.a(list.o)
 .bss           0x00000000200004e8        0x0 /home/blackfly/ti/simplelink_msp432p4_sdk_2_10_00_14/source/ti/devices/msp432p4xx/driverlib/gcc/msp432p4xx_driverlib.a(cpu_MSP432P4XX.obj)
 .bss           0x00000000200004e8        0x0 /home/blackfly/ti/simplelink_msp432p4_sdk_2_10_00_14/source/ti/devices/msp432p4xx/driverlib/gcc/msp432p4xx_driverlib.a(cs_MSP432P4XX.obj)
 .bss           0x00000000200004e8        0x0 /home/blackfly/ti/simplelink_msp432p4_sdk_2_10_00_14/source/ti/devices/msp432p4xx/driverlib/gcc/msp432p4xx_driverlib.a(dma_MSP432P4XX.obj)
 .bss           0x00000000200004e8        0x0 /home/blackfly/ti/simplelink_msp432p4_sdk_2_10_00_14/source/ti/devices/msp432p4xx/driverlib/gcc/msp432p4xx_driverlib.a(gpio_MSP432P4XX.obj)
 .bss           0x00000000200004e8        0x0 /home/blackfly/ti/simplelink_msp432p4_sdk_2_10_00_14/source/ti/devices/msp432p4xx/driverlib/gcc/msp432p4xx_driverlib.a(i2c_MSP432P4XX.obj)
 .bss           0x00000000200004e8        0x0 /home/blackfly/ti/simplelink_msp432p4_sdk_2_10_00_14/source/ti/devices/msp432p4xx/driverlib/gcc/msp432p4xx_driverlib.a(interrupt_MSP432P4XX.obj)
 .bss           0x00000000200004e8        0x0 /home/blackfly/ti/simplelink_msp432p4_sdk_2_10_00_14/source/ti/devices/msp432p4xx/driverlib/gcc/msp432p4xx_driverlib.a(spi_MSP432P4XX.obj)
 .bss           0x00000000200004e8        0x0 /home/blackfly/ti/simplelink_msp432p4_sdk_2_10_00_14/source/ti/devices/msp432p4xx/driverlib/gcc/msp432p4xx_driverlib.a(sysctl_MSP432P4XX.obj)
 .bss           0x00000000200004e8        0x0 /home/blackfly/ti/simplelink_msp432p4_sdk_2_10_00_14/source/ti/devices/msp432p4xx/driverlib/gcc/msp432p4xx_driverlib.a(sysctl_a_MSP432P4XX.obj)
 .bss           0x00000000200004e8        0x0 /home/blackfly/ti/simplelink_msp432p4_sdk_2_10_00_14/source/ti/devices/msp432p4xx/driverlib/gcc/msp432p4xx_driverlib.a(timer_a_MSP432P4XX.obj)
 .bss           0x00000000200004e8        0x0 /home/blackfly/ti/ccsv8/tools/compiler/gcc-arm-none-eabi-7-2017-q4-major/bin/../lib/gcc/arm-none-eabi/7.2.1/thumb/v7e-m/fpv4-sp/hard/libgcc.a(_arm_addsubdf3.o)
 .bss           0x00000000200004e8        0x0 /home/blackfly/ti/ccsv8/tools/compiler/gcc-arm-none-eabi-7-2017-q4-major/bin/../lib/gcc/arm-none-eabi/7.2.1/thumb/v7e-m/fpv4-sp/hard/libgcc.a(_arm_muldivdf3.o)
 .bss           0x00000000200004e8        0x0 /home/blackfly/ti/ccsv8/tools/compiler/gcc-arm-none-eabi-7-2017-q4-major/bin/../lib/gcc/arm-none-eabi/7.2.1/thumb/v7e-m/fpv4-sp/hard/libgcc.a(_arm_cmpdf2.o)
 .bss           0x00000000200004e8        0x0 /home/blackfly/ti/ccsv8/tools/compiler/gcc-arm-none-eabi-7-2017-q4-major/bin/../lib/gcc/arm-none-eabi/7.2.1/thumb/v7e-m/fpv4-sp/hard/libgcc.a(_arm_fixdfsi.o)
 .bss           0x00000000200004e8        0x0 /home/blackfly/ti/ccsv8/tools/compiler/gcc-arm-none-eabi-7-2017-q4-major/bin/../lib/gcc/arm-none-eabi/7.2.1/thumb/v7e-m/fpv4-sp/hard/libgcc.a(_arm_fixunsdfsi.o)